Archive member included to satisfy reference by file (symbol)

/usr/lib/gcc/arm-none-eabi/4.9.3/armv7e-m/libgcc.a(unwind-arm.o)
                              ./src/main.o (__aeabi_unwind_cpp_pr0)
/usr/lib/gcc/arm-none-eabi/4.9.3/armv7e-m/libgcc.a(libunwind.o)
                              /usr/lib/gcc/arm-none-eabi/4.9.3/armv7e-m/libgcc.a(unwind-arm.o) (restore_core_regs)
/usr/lib/gcc/arm-none-eabi/4.9.3/armv7e-m/libgcc.a(pr-support.o)
                              /usr/lib/gcc/arm-none-eabi/4.9.3/armv7e-m/libgcc.a(unwind-arm.o) (__gnu_unwind_execute)
/usr/lib/gcc/arm-none-eabi/4.9.3/../../../arm-none-eabi/lib/armv7e-m/libg_nano.a(lib_a-errno.o)
                              ./system/src/newlib/_sbrk.o (__errno)
/usr/lib/gcc/arm-none-eabi/4.9.3/../../../arm-none-eabi/lib/armv7e-m/libg_nano.a(lib_a-impure.o)
                              /usr/lib/gcc/arm-none-eabi/4.9.3/../../../arm-none-eabi/lib/armv7e-m/libg_nano.a(lib_a-errno.o) (_impure_ptr)
/usr/lib/gcc/arm-none-eabi/4.9.3/../../../arm-none-eabi/lib/armv7e-m/libg_nano.a(lib_a-memcpy.o)
                              /usr/lib/gcc/arm-none-eabi/4.9.3/armv7e-m/libgcc.a(unwind-arm.o) (memcpy)
/usr/lib/gcc/arm-none-eabi/4.9.3/../../../arm-none-eabi/lib/armv7e-m/libg_nano.a(lib_a-strlen.o)
                              ./system/src/diag/Trace.o (strlen)
/usr/lib/gcc/arm-none-eabi/4.9.3/../../../arm-none-eabi/lib/armv7e-m/libg_nano.a(lib_a-vsnprintf.o)
                              ./system/src/diag/Trace.o (vsnprintf)
/usr/lib/gcc/arm-none-eabi/4.9.3/../../../arm-none-eabi/lib/armv7e-m/libg_nano.a(lib_a-nano-svfprintf.o)
                              /usr/lib/gcc/arm-none-eabi/4.9.3/../../../arm-none-eabi/lib/armv7e-m/libg_nano.a(lib_a-vsnprintf.o) (_svfprintf_r)
/usr/lib/gcc/arm-none-eabi/4.9.3/../../../arm-none-eabi/lib/armv7e-m/libg_nano.a(lib_a-nano-vfprintf_i.o)
                              /usr/lib/gcc/arm-none-eabi/4.9.3/../../../arm-none-eabi/lib/armv7e-m/libg_nano.a(lib_a-nano-svfprintf.o) (_printf_i)
/usr/lib/gcc/arm-none-eabi/4.9.3/../../../arm-none-eabi/lib/armv7e-m/libg_nano.a(lib_a-memchr.o)
                              /usr/lib/gcc/arm-none-eabi/4.9.3/../../../arm-none-eabi/lib/armv7e-m/libg_nano.a(lib_a-nano-svfprintf.o) (memchr)
/usr/lib/gcc/arm-none-eabi/4.9.3/../../../arm-none-eabi/lib/armv7e-m/libg_nano.a(lib_a-memmove.o)
                              /usr/lib/gcc/arm-none-eabi/4.9.3/../../../arm-none-eabi/lib/armv7e-m/libg_nano.a(lib_a-nano-svfprintf.o) (memmove)
/usr/lib/gcc/arm-none-eabi/4.9.3/../../../arm-none-eabi/lib/armv7e-m/libg_nano.a(lib_a-nano-freer.o)
                              /usr/lib/gcc/arm-none-eabi/4.9.3/../../../arm-none-eabi/lib/armv7e-m/libg_nano.a(lib_a-nano-svfprintf.o) (_free_r)
/usr/lib/gcc/arm-none-eabi/4.9.3/../../../arm-none-eabi/lib/armv7e-m/libg_nano.a(lib_a-nano-mallocr.o)
                              /usr/lib/gcc/arm-none-eabi/4.9.3/../../../arm-none-eabi/lib/armv7e-m/libg_nano.a(lib_a-nano-svfprintf.o) (_malloc_r)
/usr/lib/gcc/arm-none-eabi/4.9.3/../../../arm-none-eabi/lib/armv7e-m/libg_nano.a(lib_a-nano-reallocr.o)
                              /usr/lib/gcc/arm-none-eabi/4.9.3/../../../arm-none-eabi/lib/armv7e-m/libg_nano.a(lib_a-nano-svfprintf.o) (_realloc_r)
/usr/lib/gcc/arm-none-eabi/4.9.3/../../../arm-none-eabi/lib/armv7e-m/libg_nano.a(lib_a-sbrkr.o)
                              /usr/lib/gcc/arm-none-eabi/4.9.3/../../../arm-none-eabi/lib/armv7e-m/libg_nano.a(lib_a-nano-mallocr.o) (_sbrk_r)
/usr/lib/gcc/arm-none-eabi/4.9.3/../../../arm-none-eabi/lib/armv7e-m/libg_nano.a(lib_a-nano-msizer.o)
                              /usr/lib/gcc/arm-none-eabi/4.9.3/../../../arm-none-eabi/lib/armv7e-m/libg_nano.a(lib_a-nano-reallocr.o) (_malloc_usable_size_r)

Allocating common symbols
Common symbol       size              file

errno               0x4               ./system/src/newlib/_syscalls.o
uwTick              0x4               ./system/src/stm32f4-hal/stm32f4xx_hal.o
pFlash              0x20              ./system/src/stm32f4-hal/stm32f4xx_hal_flash.o

Discarded input sections

 .group         0x0000000000000000        0x8 ./system/src/stm32f4-hal/stm32f4xx_hal.o
 .group         0x0000000000000000        0x8 ./system/src/stm32f4-hal/stm32f4xx_hal.o
 .group         0x0000000000000000        0x8 ./system/src/stm32f4-hal/stm32f4xx_hal.o
 .group         0x0000000000000000        0x8 ./system/src/stm32f4-hal/stm32f4xx_hal.o
 .group         0x0000000000000000        0x8 ./system/src/stm32f4-hal/stm32f4xx_hal.o
 .group         0x0000000000000000        0x8 ./system/src/stm32f4-hal/stm32f4xx_hal.o
 .group         0x0000000000000000        0x8 ./system/src/stm32f4-hal/stm32f4xx_hal.o
 .group         0x0000000000000000        0x8 ./system/src/stm32f4-hal/stm32f4xx_hal.o
 .group         0x0000000000000000        0x8 ./system/src/stm32f4-hal/stm32f4xx_hal.o
 .group         0x0000000000000000        0x8 ./system/src/stm32f4-hal/stm32f4xx_hal.o
[...]
Memory Configuration

Name             Origin             Length             Attributes
RAM              0x0000000020000000 0x0000000000020000 xrw
CCMRAM           0x0000000010000000 0x0000000000010000 xrw
FLASH            0x0000000008000000 0x0000000000100000 xr
FLASHB1          0x0000000000000000 0x0000000000000000 xr
EXTMEMB0         0x0000000000000000 0x0000000000000000 xr
EXTMEMB1         0x0000000000000000 0x0000000000000000 xr
EXTMEMB2         0x0000000000000000 0x0000000000000000 xr
EXTMEMB3         0x0000000000000000 0x0000000000000000 xr
MEMORY_ARRAY     0x0000000020002000 0x0000000000000020 xrw
*default*        0x0000000000000000 0xffffffffffffffff

Linker script and memory map

LOAD ./system/src/stm32f4-hal/stm32f4xx_hal.o
LOAD ./system/src/stm32f4-hal/stm32f4xx_hal_cortex.o
LOAD ./system/src/stm32f4-hal/stm32f4xx_hal_dfsdm.o
LOAD ./system/src/stm32f4-hal/stm32f4xx_hal_flash.o
LOAD ./system/src/stm32f4-hal/stm32f4xx_hal_gpio.o
LOAD ./system/src/stm32f4-hal/stm32f4xx_hal_iwdg.o
LOAD ./system/src/stm32f4-hal/stm32f4xx_hal_pwr.o
LOAD ./system/src/stm32f4-hal/stm32f4xx_hal_rcc.o
LOAD ./system/src/newlib/_cxx.o
LOAD ./system/src/newlib/_exit.o
LOAD ./system/src/newlib/_sbrk.o
LOAD ./system/src/newlib/_startup.o
LOAD ./system/src/newlib/_syscalls.o
LOAD ./system/src/newlib/assert.o
LOAD ./system/src/diag/Trace.o
LOAD ./system/src/diag/trace_impl.o
LOAD ./system/src/cortexm/_initialize_hardware.o
LOAD ./system/src/cortexm/_reset_hardware.o
LOAD ./system/src/cortexm/exception_handlers.o
LOAD ./system/src/cmsis/system_stm32f4xx.o
LOAD ./system/src/cmsis/vectors_stm32f407xx.o
LOAD ./src/BlinkLed.o
LOAD ./src/Timer.o
LOAD ./src/_initialize_hardware.o
LOAD ./src/_write.o
LOAD ./src/main.o
LOAD ./src/stm32f4xx_hal_msp.o
LOAD ./src/test.o
LOAD ./src/Signal.o
LOAD /usr/lib/gcc/arm-none-eabi/4.9.3/../../../arm-none-eabi/lib/armv7e-m/libstdc++_nano.a
LOAD /usr/lib/gcc/arm-none-eabi/4.9.3/../../../arm-none-eabi/lib/armv7e-m/libm.a
START GROUP
LOAD /usr/lib/gcc/arm-none-eabi/4.9.3/armv7e-m/libgcc.a
LOAD /usr/lib/gcc/arm-none-eabi/4.9.3/../../../arm-none-eabi/lib/armv7e-m/libg_nano.a
LOAD /usr/lib/gcc/arm-none-eabi/4.9.3/../../../arm-none-eabi/lib/armv7e-m/libc_nano.a
END GROUP
START GROUP
LOAD /usr/lib/gcc/arm-none-eabi/4.9.3/armv7e-m/libgcc.a
LOAD /usr/lib/gcc/arm-none-eabi/4.9.3/../../../arm-none-eabi/lib/armv7e-m/libc_nano.a
END GROUP
                0x0000000020020000                __stack = (ORIGIN (RAM) + LENGTH (RAM))
                0x0000000020020000                _estack = __stack
                0x0000000000000400                __Main_Stack_Size = 0x400
                [!provide]                        PROVIDE (_Main_Stack_Size, __Main_Stack_Size)
                0x000000002001fc00                __Main_Stack_Limit = (__stack - __Main_Stack_Size)
                [!provide]                        PROVIDE (_Main_Stack_Limit, __Main_Stack_Limit)
                0x0000000000000100                _Minimum_Stack_Size = 0x100
                0x0000000020000164                PROVIDE (_Heap_Begin, _end_noinit)
                0x000000002001fc00                PROVIDE (_Heap_Limit, (__stack - __Main_Stack_Size))

.isr_vector     0x0000000008000000      0x3e8
 FILL mask 0xff
                0x0000000008000000                __vectors_start = ABSOLUTE (.)
                0x0000000008000000                __vectors_start__ = ABSOLUTE (.)
 *(.isr_vector)
 .isr_vector    0x0000000008000000      0x188 ./system/src/cmsis/vectors_stm32f407xx.o
                0x0000000008000000                __isr_vectors
 *(.cfmconfig)
 *(.after_vectors .after_vectors.*)
 .after_vectors
                0x0000000008000188      0x130 ./system/src/newlib/_startup.o
                0x0000000008000188                _start
 .after_vectors
                0x00000000080002b8      0x12c ./system/src/cortexm/exception_handlers.o
                0x00000000080002b8                Reset_Handler
                0x00000000080002be                NMI_Handler
                0x00000000080002c2                HardFault_Handler
                0x00000000080002d6                HardFault_Handler_C
                0x0000000008000334                MemManage_Handler
                0x0000000008000338                BusFault_Handler
                0x000000000800034c                BusFault_Handler_C
                0x0000000008000380                UsageFault_Handler
                0x0000000008000394                UsageFault_Handler_C
                0x00000000080003c8                SVC_Handler
                0x00000000080003cc                DebugMon_Handler
                0x00000000080003d0                PendSV_Handler
 .after_vectors
                0x00000000080003e4        0x4 ./system/src/cmsis/vectors_stm32f407xx.o
                0x00000000080003e4                RTC_Alarm_IRQHandler
                0x00000000080003e4                HASH_RNG_IRQHandler
                0x00000000080003e4                EXTI2_IRQHandler
                0x00000000080003e4                TIM8_CC_IRQHandler
                0x00000000080003e4                TIM1_CC_IRQHandler
                0x00000000080003e4                DMA2_Stream5_IRQHandler
                0x00000000080003e4                DMA1_Stream5_IRQHandler
                0x00000000080003e4                PVD_IRQHandler
                0x00000000080003e4                SDIO_IRQHandler
                0x00000000080003e4                TAMP_STAMP_IRQHandler
                0x00000000080003e4                CAN2_RX1_IRQHandler
                0x00000000080003e4                EXTI3_IRQHandler
                0x00000000080003e4                TIM8_TRG_COM_TIM14_IRQHandler
                0x00000000080003e4                TIM1_UP_TIM10_IRQHandler
                0x00000000080003e4                TIM8_UP_TIM13_IRQHandler
                0x00000000080003e4                I2C3_ER_IRQHandler
                0x00000000080003e4                EXTI0_IRQHandler
                0x00000000080003e4                I2C2_EV_IRQHandler
                0x00000000080003e4                DMA1_Stream2_IRQHandler
                0x00000000080003e4                CAN1_RX0_IRQHandler
                0x00000000080003e4                FPU_IRQHandler
                0x00000000080003e4                OTG_HS_WKUP_IRQHandler
                0x00000000080003e4                CAN2_SCE_IRQHandler
                0x00000000080003e4                DMA2_Stream2_IRQHandler
                0x00000000080003e4                SPI1_IRQHandler
                0x00000000080003e4                TIM6_DAC_IRQHandler
                0x00000000080003e4                TIM1_BRK_TIM9_IRQHandler
                0x00000000080003e4                DCMI_IRQHandler
                0x00000000080003e4                CAN2_RX0_IRQHandler
                0x00000000080003e4                DMA2_Stream3_IRQHandler
                0x00000000080003e4                USART6_IRQHandler
                0x00000000080003e4                USART3_IRQHandler
                0x00000000080003e4                CAN1_RX1_IRQHandler
                0x00000000080003e4                UART5_IRQHandler
                0x00000000080003e4                DMA2_Stream0_IRQHandler
                0x00000000080003e4                TIM4_IRQHandler
                0x00000000080003e4                I2C1_EV_IRQHandler
                0x00000000080003e4                DMA1_Stream6_IRQHandler
                0x00000000080003e4                DMA1_Stream1_IRQHandler
                0x00000000080003e4                UART4_IRQHandler
                0x00000000080003e4                TIM3_IRQHandler
                0x00000000080003e4                RCC_IRQHandler
                0x00000000080003e4                TIM8_BRK_TIM12_IRQHandler
                0x00000000080003e4                Default_Handler
                0x00000000080003e4                EXTI15_10_IRQHandler
                0x00000000080003e4                ADC_IRQHandler
                0x00000000080003e4                DMA1_Stream7_IRQHandler
                0x00000000080003e4                TIM7_IRQHandler
                0x00000000080003e4                CAN2_TX_IRQHandler
                0x00000000080003e4                TIM5_IRQHandler
                0x00000000080003e4                DMA2_Stream7_IRQHandler
                0x00000000080003e4                I2C3_EV_IRQHandler
                0x00000000080003e4                EXTI9_5_IRQHandler
                0x00000000080003e4                RTC_WKUP_IRQHandler
                0x00000000080003e4                ETH_WKUP_IRQHandler
                0x00000000080003e4                SPI2_IRQHandler
                0x00000000080003e4                OTG_HS_EP1_IN_IRQHandler
                0x00000000080003e4                DMA1_Stream0_IRQHandler
                0x00000000080003e4                CAN1_TX_IRQHandler
                0x00000000080003e4                EXTI4_IRQHandler
                0x00000000080003e4                ETH_IRQHandler
                0x00000000080003e4                OTG_HS_EP1_OUT_IRQHandler
                0x00000000080003e4                WWDG_IRQHandler
                0x00000000080003e4                TIM2_IRQHandler
                0x00000000080003e4                OTG_FS_WKUP_IRQHandler
                0x00000000080003e4                TIM1_TRG_COM_TIM11_IRQHandler
                0x00000000080003e4                OTG_HS_IRQHandler
                0x00000000080003e4                EXTI1_IRQHandler
                0x00000000080003e4                USART2_IRQHandler
                0x00000000080003e4                I2C2_ER_IRQHandler
                0x00000000080003e4                DMA2_Stream1_IRQHandler
                0x00000000080003e4                CAN1_SCE_IRQHandler
                0x00000000080003e4                FLASH_IRQHandler
                0x00000000080003e4                DMA2_Stream4_IRQHandler
                0x00000000080003e4                USART1_IRQHandler
                0x00000000080003e4                OTG_FS_IRQHandler
                0x00000000080003e4                SPI3_IRQHandler
                0x00000000080003e4                DMA1_Stream4_IRQHandler
                0x00000000080003e4                I2C1_ER_IRQHandler
                0x00000000080003e4                FMC_IRQHandler
                0x00000000080003e4                DMA2_Stream6_IRQHandler
                0x00000000080003e4                DMA1_Stream3_IRQHandler

.inits          0x00000000080003e8       0x2c
                0x00000000080003e8                __data_regions_array_start = .
                0x00000000080003e8        0x4 LONG 0x80032e8 LOADADDR (.data)
                0x00000000080003ec        0x4 LONG 0x20000000 ADDR (.data)
                0x00000000080003f0        0x4 LONG 0x20000078 (ADDR (.data) + SIZEOF (.data))
                0x00000000080003f4        0x4 LONG 0x80032e8 LOADADDR (.data_CCMRAM)
                0x00000000080003f8        0x4 LONG 0x10000000 ADDR (.data_CCMRAM)
                0x00000000080003fc        0x4 LONG 0x10000000 (ADDR (.data_CCMRAM) + SIZEOF (.data_CCMRAM))
                0x0000000008000400                __data_regions_array_end = .
                0x0000000008000400                __bss_regions_array_start = .
                0x0000000008000400        0x4 LONG 0x20000080 ADDR (.bss)
                0x0000000008000404        0x4 LONG 0x20000164 (ADDR (.bss) + SIZEOF (.bss))
                0x0000000008000408        0x4 LONG 0x10000000 ADDR (.bss_CCMRAM)
                0x000000000800040c        0x4 LONG 0x10000000 (ADDR (.bss_CCMRAM) + SIZEOF (.bss_CCMRAM))
                0x0000000008000410                __bss_regions_array_end = .
 *(.init)
 *(.fini)
                0x0000000008000410                . = ALIGN (0x4)
                0x0000000008000410                PROVIDE (__preinit_array_start, .)
 *(.preinit_array_sysinit .preinit_array_sysinit.*)
 *(.preinit_array_platform .preinit_array_platform.*)
 *(.preinit_array .preinit_array.*)
                0x0000000008000410                PROVIDE (__preinit_array_end, .)
                0x0000000008000410                . = ALIGN (0x4)
                0x0000000008000410                PROVIDE (__init_array_start, .)
 *(SORT(.init_array.*))
 *(.init_array)
 .init_array    0x0000000008000410        0x4 ./src/main.o
                0x0000000008000414                PROVIDE (__init_array_end, .)
                0x0000000008000414                . = ALIGN (0x4)
                0x0000000008000414                PROVIDE (__fini_array_start, .)
 *(SORT(.fini_array.*))
 *(.fini_array)
                0x0000000008000414                PROVIDE (__fini_array_end, .)

.flashtext
 *(.flashtext .flashtext.*)

.text           0x0000000008000414     0x2deb
 *(.text .text.*)
 .text.HAL_InitTick
                0x0000000008000414       0x2c ./system/src/stm32f4-hal/stm32f4xx_hal.o
                0x0000000008000414                HAL_InitTick
 .text.HAL_Init
                0x0000000008000440       0x34 ./system/src/stm32f4-hal/stm32f4xx_hal.o
                0x0000000008000440                HAL_Init
 .text.HAL_IncTick
                0x0000000008000474       0x10 ./system/src/stm32f4-hal/stm32f4xx_hal.o
                0x0000000008000474                HAL_IncTick
 .text.HAL_GetTick
                0x0000000008000484        0xc ./system/src/stm32f4-hal/stm32f4xx_hal.o
                0x0000000008000484                HAL_GetTick
 .text.HAL_NVIC_SetPriorityGrouping
                0x0000000008000490       0x3c ./system/src/stm32f4-hal/stm32f4xx_hal_cortex.o
                0x0000000008000490                HAL_NVIC_SetPriorityGrouping
 .text.HAL_NVIC_SetPriority
                0x00000000080004cc       0x88 ./system/src/stm32f4-hal/stm32f4xx_hal_cortex.o
                0x00000000080004cc                HAL_NVIC_SetPriority
 .text.HAL_SYSTICK_Config
                0x0000000008000554       0x2c ./system/src/stm32f4-hal/stm32f4xx_hal_cortex.o
                0x0000000008000554                HAL_SYSTICK_Config
 .text.HAL_SYSTICK_CLKSourceConfig
                0x0000000008000580       0x3c ./system/src/stm32f4-hal/stm32f4xx_hal_cortex.o
                0x0000000008000580                HAL_SYSTICK_CLKSourceConfig
 .text.HAL_GPIO_Init
                0x00000000080005bc      0x2fc ./system/src/stm32f4-hal/stm32f4xx_hal_gpio.o
                0x00000000080005bc                HAL_GPIO_Init
 .text.HAL_RCC_OscConfig
                0x00000000080008b8      0x42c ./system/src/stm32f4-hal/stm32f4xx_hal_rcc.o
                0x00000000080008b8                HAL_RCC_OscConfig
 .text.HAL_RCC_GetSysClockFreq
                0x0000000008000ce4       0x94 ./system/src/stm32f4-hal/stm32f4xx_hal_rcc.o
                0x0000000008000ce4                HAL_RCC_GetSysClockFreq
 .text.HAL_RCC_ClockConfig
                0x0000000008000d78      0x250 ./system/src/stm32f4-hal/stm32f4xx_hal_rcc.o
                0x0000000008000d78                HAL_RCC_ClockConfig
 .text.HAL_RCC_GetHCLKFreq
                0x0000000008000fc8        0xc ./system/src/stm32f4-hal/stm32f4xx_hal_rcc.o
                0x0000000008000fc8                HAL_RCC_GetHCLKFreq
 .text._exit    0x0000000008000fd4        0x2 ./system/src/newlib/_exit.o
                0x0000000008000fd4                _exit
 *fill*         0x0000000008000fd6        0x2 
 .text.abort    0x0000000008000fd8       0x14 ./system/src/newlib/_exit.o
                0x0000000008000fd8                abort
 .text._sbrk    0x0000000008000fec       0x44 ./system/src/newlib/_sbrk.o
                0x0000000008000fec                _sbrk
 .text.__initialize_args
                0x0000000008001030       0x10 ./system/src/newlib/_syscalls.o
                0x0000000008001030                __initialize_args
 .text.assert_failed
                0x0000000008001040       0x14 ./system/src/newlib/assert.o
                0x0000000008001040                assert_failed
 .text.trace_printf
                0x0000000008001054       0x30 ./system/src/diag/Trace.o
                0x0000000008001054                trace_printf
 .text.trace_puts
                0x0000000008001084       0x20 ./system/src/diag/Trace.o
                0x0000000008001084                trace_puts
 .text._trace_write_semihosting_debug
                0x00000000080010a4       0x60 ./system/src/diag/trace_impl.o
 .text.trace_write
                0x0000000008001104        0x8 ./system/src/diag/trace_impl.o
                0x0000000008001104                trace_write
 .text.__initialize_hardware_early
                0x000000000800110c       0x18 ./system/src/cortexm/_initialize_hardware.o
                0x000000000800110c                __initialize_hardware_early
 .text.dumpExceptionStack
                0x0000000008001124       0xf4 ./system/src/cortexm/exception_handlers.o
                0x0000000008001124                dumpExceptionStack
 .text.isSemihosting
                0x0000000008001218       0x20 ./system/src/cortexm/exception_handlers.o
                0x0000000008001218                isSemihosting
 .text.SystemInit
                0x0000000008001238       0x40 ./system/src/cmsis/system_stm32f4xx.o
                0x0000000008001238                SystemInit
 .text.SystemCoreClockUpdate
                0x0000000008001278       0xa0 ./system/src/cmsis/system_stm32f4xx.o
                0x0000000008001278                SystemCoreClockUpdate
 .text._ZN8BlinkLedC2Ejjb
                0x0000000008001318       0x14 ./src/BlinkLed.o
                0x0000000008001318                BlinkLed::BlinkLed(unsigned int, unsigned int, bool)
                0x0000000008001318                BlinkLed::BlinkLed(unsigned int, unsigned int, bool)
 .text._ZN8BlinkLed6turnOnEv
                0x000000000800132c       0x2a ./src/BlinkLed.o
                0x000000000800132c                BlinkLed::turnOn()
 .text._ZN8BlinkLed7turnOffEv
                0x0000000008001356       0x2a ./src/BlinkLed.o
                0x0000000008001356                BlinkLed::turnOff()
 .text._ZN8BlinkLed7powerUpEv
                0x0000000008001380       0x40 ./src/BlinkLed.o
                0x0000000008001380                BlinkLed::powerUp()
 .text._ZN5Timer5sleepEm
                0x00000000080013c0       0x14 ./src/Timer.o
                0x00000000080013c0                Timer::sleep(unsigned long)
 .text.SysTick_Handler
                0x00000000080013d4       0x1c ./src/Timer.o
                0x00000000080013d4                SysTick_Handler
 .text.SystemClock_Config
                0x00000000080013f0       0x9c ./src/_initialize_hardware.o
                0x00000000080013f0                SystemClock_Config
 .text.__initialize_hardware
                0x000000000800148c       0x10 ./src/_initialize_hardware.o
                0x000000000800148c                __initialize_hardware
 .text          0x000000000800149c      0x23c ./src/main.o
                0x000000000800149c                main
 .text.startup  0x00000000080016d8       0x4e ./src/main.o
 .text._ZN5Timer5startEv
                0x0000000008001726       0x28 ./src/main.o
                0x0000000008001726                Timer::start()
 .text.HAL_MspInit
                0x000000000800174e        0x2 ./src/stm32f4xx_hal_msp.o
                0x000000000800174e                HAL_MspInit
 .text          0x0000000008001750       0x10 ./src/test.o
                0x0000000008001750                adder(int, int)
 .text          0x0000000008001760      0xa50 /usr/lib/gcc/arm-none-eabi/4.9.3/armv7e-m/libgcc.a(unwind-arm.o)
                0x0000000008001a3c                _Unwind_GetCFA
                0x0000000008001a40                __gnu_Unwind_RaiseException
                0x0000000008001aa0                __gnu_Unwind_ForcedUnwind
                0x0000000008001ab4                __gnu_Unwind_Resume
                0x0000000008001af8                __gnu_Unwind_Resume_or_Rethrow
                0x0000000008001b08                _Unwind_Complete
                0x0000000008001b0c                _Unwind_DeleteException
                0x0000000008001b18                _Unwind_VRS_Get
                0x0000000008001b68                _Unwind_VRS_Set
                0x0000000008001bb8                __gnu_Unwind_Backtrace
                0x0000000008001efc                __aeabi_unwind_cpp_pr0
                0x0000000008001f00                __aeabi_unwind_cpp_pr1
                0x0000000008001f04                __aeabi_unwind_cpp_pr2
                0x0000000008001f08                _Unwind_VRS_Pop
 .text          0x00000000080021b0      0x1ac /usr/lib/gcc/arm-none-eabi/4.9.3/armv7e-m/libgcc.a(libunwind.o)
                0x00000000080021b0                __restore_core_regs
                0x00000000080021b0                restore_core_regs
                0x00000000080021c8                __gnu_Unwind_Restore_VFP
                0x00000000080021d0                __gnu_Unwind_Save_VFP
                0x00000000080021d8                __gnu_Unwind_Restore_VFP_D
                0x00000000080021e0                __gnu_Unwind_Save_VFP_D
                0x00000000080021e8                __gnu_Unwind_Restore_VFP_D_16_to_31
                0x00000000080021f0                __gnu_Unwind_Save_VFP_D_16_to_31
                0x00000000080021f8                __gnu_Unwind_Restore_WMMXD
                0x000000000800223c                __gnu_Unwind_Save_WMMXD
                0x0000000008002280                __gnu_Unwind_Restore_WMMXC
                0x0000000008002294                __gnu_Unwind_Save_WMMXC
                0x00000000080022a8                ___Unwind_RaiseException
                0x00000000080022a8                _Unwind_RaiseException
                0x00000000080022cc                ___Unwind_Resume
                0x00000000080022cc                _Unwind_Resume
                0x00000000080022f0                _Unwind_Resume_or_Rethrow
                0x00000000080022f0                ___Unwind_Resume_or_Rethrow
                0x0000000008002314                ___Unwind_ForcedUnwind
                0x0000000008002314                _Unwind_ForcedUnwind
                0x0000000008002338                _Unwind_Backtrace
                0x0000000008002338                ___Unwind_Backtrace
 .text          0x000000000800235c      0x37c /usr/lib/gcc/arm-none-eabi/4.9.3/armv7e-m/libgcc.a(pr-support.o)
                0x00000000080023b4                __gnu_unwind_execute
                0x0000000008002680                __gnu_unwind_frame
                0x00000000080026a8                _Unwind_GetRegionStart
                0x00000000080026b4                _Unwind_GetLanguageSpecificData
                0x00000000080026c8                _Unwind_GetDataRelBase
                0x00000000080026d0                _Unwind_GetTextRelBase
 .text.__errno  0x00000000080026d8        0xc /usr/lib/gcc/arm-none-eabi/4.9.3/../../../arm-none-eabi/lib/armv7e-m/libg_nano.a(lib_a-errno.o)
                0x00000000080026d8                __errno
 .text.memcpy   0x00000000080026e4       0x16 /usr/lib/gcc/arm-none-eabi/4.9.3/../../../arm-none-eabi/lib/armv7e-m/libg_nano.a(lib_a-memcpy.o)
                0x00000000080026e4                memcpy
 .text.strlen   0x00000000080026fa       0x10 /usr/lib/gcc/arm-none-eabi/4.9.3/../../../arm-none-eabi/lib/armv7e-m/libg_nano.a(lib_a-strlen.o)
                0x00000000080026fa                strlen
 .text._vsnprintf_r
                0x000000000800270a       0x52 /usr/lib/gcc/arm-none-eabi/4.9.3/../../../arm-none-eabi/lib/armv7e-m/libg_nano.a(lib_a-vsnprintf.o)
                0x000000000800270a                _vsnprintf_r
                0x000000000800270a                _vsniprintf_r
 .text.vsnprintf
                0x000000000800275c       0x20 /usr/lib/gcc/arm-none-eabi/4.9.3/../../../arm-none-eabi/lib/armv7e-m/libg_nano.a(lib_a-vsnprintf.o)
                0x000000000800275c                vsnprintf
                0x000000000800275c                vsniprintf
 .text.__ssputs_r
                0x000000000800277c       0xb2 /usr/lib/gcc/arm-none-eabi/4.9.3/../../../arm-none-eabi/lib/armv7e-m/libg_nano.a(lib_a-nano-svfprintf.o)
                0x000000000800277c                __ssputs_r
 *fill*         0x000000000800282e        0x2 
 .text._svfprintf_r
                0x0000000008002830      0x1e4 /usr/lib/gcc/arm-none-eabi/4.9.3/../../../arm-none-eabi/lib/armv7e-m/libg_nano.a(lib_a-nano-svfprintf.o)
                0x0000000008002830                _svfprintf_r
                0x0000000008002830                _svfiprintf_r
 .text._printf_common
                0x0000000008002a14       0xea /usr/lib/gcc/arm-none-eabi/4.9.3/../../../arm-none-eabi/lib/armv7e-m/libg_nano.a(lib_a-nano-vfprintf_i.o)
                0x0000000008002a14                _printf_common
 *fill*         0x0000000008002afe        0x2 
 .text._printf_i
                0x0000000008002b00      0x240 /usr/lib/gcc/arm-none-eabi/4.9.3/../../../arm-none-eabi/lib/armv7e-m/libg_nano.a(lib_a-nano-vfprintf_i.o)
                0x0000000008002b00                _printf_i
 .text.memchr   0x0000000008002d40       0x1e /usr/lib/gcc/arm-none-eabi/4.9.3/../../../arm-none-eabi/lib/armv7e-m/libg_nano.a(lib_a-memchr.o)
                0x0000000008002d40                memchr
 .text.memmove  0x0000000008002d5e       0x36 /usr/lib/gcc/arm-none-eabi/4.9.3/../../../arm-none-eabi/lib/armv7e-m/libg_nano.a(lib_a-memmove.o)
                0x0000000008002d5e                memmove
 .text._free_r  0x0000000008002d94       0x88 /usr/lib/gcc/arm-none-eabi/4.9.3/../../../arm-none-eabi/lib/armv7e-m/libg_nano.a(lib_a-nano-freer.o)
                0x0000000008002d94                _free_r
 .text._malloc_r
                0x0000000008002e1c       0xac /usr/lib/gcc/arm-none-eabi/4.9.3/../../../arm-none-eabi/lib/armv7e-m/libg_nano.a(lib_a-nano-mallocr.o)
                0x0000000008002e1c                _malloc_r
 .text._realloc_r
                0x0000000008002ec8       0x4c /usr/lib/gcc/arm-none-eabi/4.9.3/../../../arm-none-eabi/lib/armv7e-m/libg_nano.a(lib_a-nano-reallocr.o)
                0x0000000008002ec8                _realloc_r
 .text._sbrk_r  0x0000000008002f14       0x20 /usr/lib/gcc/arm-none-eabi/4.9.3/../../../arm-none-eabi/lib/armv7e-m/libg_nano.a(lib_a-sbrkr.o)
                0x0000000008002f14                _sbrk_r
 .text._malloc_usable_size_r
                0x0000000008002f34       0x14 /usr/lib/gcc/arm-none-eabi/4.9.3/../../../arm-none-eabi/lib/armv7e-m/libg_nano.a(lib_a-nano-msizer.o)
                0x0000000008002f34                _malloc_usable_size_r
 *(.rodata .rodata.* .constdata .constdata.*)
 .rodata.HAL_NVIC_SetPriorityGrouping.str1.4
                0x0000000008002f48       0x31 ./system/src/stm32f4-hal/stm32f4xx_hal_cortex.o
 *fill*         0x0000000008002f79        0x3 
 .rodata.HAL_GPIO_Init.str1.4
                0x0000000008002f7c       0x2f ./system/src/stm32f4-hal/stm32f4xx_hal_gpio.o
 *fill*         0x0000000008002fab        0x1 
 .rodata.APBAHBPrescTable
                0x0000000008002fac       0x10 ./system/src/stm32f4-hal/stm32f4xx_hal_rcc.o
                0x0000000008002fac                APBAHBPrescTable
 .rodata.HAL_RCC_OscConfig.str1.4
                0x0000000008002fbc       0x2e ./system/src/stm32f4-hal/stm32f4xx_hal_rcc.o
 *fill*         0x0000000008002fea        0x2 
 .rodata.abort.str1.4
                0x0000000008002fec       0x14 ./system/src/newlib/_exit.o
 .rodata.assert_failed.str1.4
                0x0000000008003000       0x2b ./system/src/newlib/assert.o
 .rodata.trace_puts.str1.4
                0x000000000800302b       0x2b ./system/src/diag/Trace.o
                                          0x2 (size before relaxing)
 *fill*         0x000000000800302b        0x1 
 .rodata.dumpExceptionStack.str1.4
                0x000000000800302c      0x11a ./system/src/cortexm/exception_handlers.o
 *fill*         0x0000000008003146        0x2 
 .rodata.str1.4
                0x0000000008003148       0x2c ./system/src/cortexm/exception_handlers.o
                                         0x2a (size before relaxing)
 .rodata.AHBPrescTable
                0x0000000008003174       0x10 ./system/src/cmsis/system_stm32f4xx.o
                0x0000000008003174                AHBPrescTable
 .rodata.str1.1
                0x0000000008003184       0x46 ./src/main.o
 .rodata.str1.1
                0x00000000080031ca        0x2 /usr/lib/gcc/arm-none-eabi/4.9.3/../../../arm-none-eabi/lib/armv7e-m/libg_nano.a(lib_a-impure.o)
 .rodata.str1.1
                0x00000000080031cc       0x11 /usr/lib/gcc/arm-none-eabi/4.9.3/../../../arm-none-eabi/lib/armv7e-m/libg_nano.a(lib_a-nano-svfprintf.o)
 .rodata.str1.1
                0x00000000080031dd       0x22 /usr/lib/gcc/arm-none-eabi/4.9.3/../../../arm-none-eabi/lib/armv7e-m/libg_nano.a(lib_a-nano-vfprintf_i.o)
 *(vtable)
 *(.eh_frame*)
 *(.glue_7)
 .glue_7        0x00000000080031ff        0x0 linker stubs
 *(.glue_7t)
 .glue_7t       0x00000000080031ff        0x0 linker stubs

.vfp11_veneer   0x0000000008003200        0x0
 .vfp11_veneer  0x0000000008003200        0x0 linker stubs

.v4_bx          0x0000000008003200        0x0
 .v4_bx         0x0000000008003200        0x0 linker stubs

.iplt           0x0000000008003200        0x0
 .iplt          0x0000000008003200        0x0 ./system/src/stm32f4-hal/stm32f4xx_hal.o

.ARM.extab      0x0000000008003200       0x18
 *(.ARM.extab* .gnu.linkonce.armextab.*)
 .ARM.extab.text._ZN5Timer5startEv
                0x0000000008003200        0x0 ./src/main.o
 .ARM.extab     0x0000000008003200       0x18 /usr/lib/gcc/arm-none-eabi/4.9.3/armv7e-m/libgcc.a(pr-support.o)
                0x0000000008003218                . = ALIGN (0x4)
                0x0000000008003218                __exidx_start = .

.ARM.exidx      0x0000000008003218       0xd0
 *(.ARM.exidx* .gnu.linkonce.armexidx.*)
 .ARM.exidx.text.startup
                0x0000000008003220        0x0 ./src/main.o
                                         0x10 (size before relaxing)
 .ARM.exidx     0x0000000008003218        0x8 ./src/main.o
                                         0x18 (size before relaxing)
 .ARM.exidx.text._ZN5Timer5startEv
                0x0000000008003220        0x8 ./src/main.o
 .ARM.exidx     0x0000000008003228        0x8 ./src/test.o
 .ARM.exidx     0x0000000008003230       0x80 /usr/lib/gcc/arm-none-eabi/4.9.3/armv7e-m/libgcc.a(unwind-arm.o)
                                         0xd8 (size before relaxing)
 .ARM.exidx     0x00000000080032b0       0x38 /usr/lib/gcc/arm-none-eabi/4.9.3/armv7e-m/libgcc.a(pr-support.o)
                                         0x48 (size before relaxing)
                0x00000000080032e8                __exidx_end = .

.rel.dyn        0x00000000080032e8        0x0
 .rel.iplt      0x00000000080032e8        0x0 ./system/src/stm32f4-hal/stm32f4xx_hal.o
                0x00000000080032e8                . = ALIGN (0x4)
                0x00000000080032e8                _etext = .
                0x00000000080032e8                __etext = .

.data_CCMRAM    0x0000000010000000        0x0 load address 0x00000000080032e8
 FILL mask 0xff
 *(.data.CCMRAM .data.CCMRAM.*)
                0x0000000010000000                . = ALIGN (0x4)
                0x00000000080032e8                _sidata = LOADADDR (.data)

.data           0x0000000020000000       0x78 load address 0x00000000080032e8
 FILL mask 0xff
                0x0000000020000000                _sdata = .
                0x0000000020000000                __data_start__ = .
 *(.data_begin .data_begin.*)
 .data_begin    0x0000000020000000        0x4 ./system/src/newlib/_startup.o
 *(.data .data.*)
 .data.argv.4263
                0x0000000020000004        0x8 ./system/src/newlib/_syscalls.o
 .data.SystemCoreClock
                0x000000002000000c        0x4 ./system/src/cmsis/system_stm32f4xx.o
                0x000000002000000c                SystemCoreClock
 .data.impure_data
                0x0000000020000010       0x60 /usr/lib/gcc/arm-none-eabi/4.9.3/../../../arm-none-eabi/lib/armv7e-m/libg_nano.a(lib_a-impure.o)
 .data._impure_ptr
                0x0000000020000070        0x4 /usr/lib/gcc/arm-none-eabi/4.9.3/../../../arm-none-eabi/lib/armv7e-m/libg_nano.a(lib_a-impure.o)
                0x0000000020000070                _impure_ptr
 *(.data_end .data_end.*)
 .data_end      0x0000000020000074        0x4 ./system/src/newlib/_startup.o
                0x0000000020000078                . = ALIGN (0x4)
                0x0000000020000078                _edata = .
                0x0000000020000078                __data_end__ = .

.igot.plt       0x0000000020000078        0x0 load address 0x0000000008003360
 .igot.plt      0x0000000020000078        0x0 ./system/src/stm32f4-hal/stm32f4xx_hal.o

.bss_CCMRAM     0x0000000010000000        0x0
 *(.bss.CCMRAM .bss.CCMRAM.*)

.bss            0x0000000020000080       0xe4
                0x0000000020000080                __bss_start__ = .
                0x0000000020000080                _sbss = .
 *(.bss_begin .bss_begin.*)
 .bss_begin     0x0000000020000080        0x4 ./system/src/newlib/_startup.o
 *(.bss .bss.*)
 .bss.current_heap_end.3947
                0x0000000020000084        0x4 ./system/src/newlib/_sbrk.o
 .bss.name.4262
                0x0000000020000088        0x1 ./system/src/newlib/_syscalls.o
 *fill*         0x0000000020000089        0x3 
 .bss.buf.5152  0x000000002000008c       0x80 ./system/src/diag/Trace.o
 .bss._ZN5Timer13ms_delayCountE
                0x000000002000010c        0x4 ./src/Timer.o
                0x000000002000010c                Timer::ms_delayCount
 .bss           0x0000000020000110       0x40 ./src/main.o
                0x0000000020000110                blinkLeds
 .bss.__malloc_sbrk_start
                0x0000000020000150        0x4 /usr/lib/gcc/arm-none-eabi/4.9.3/../../../arm-none-eabi/lib/armv7e-m/libg_nano.a(lib_a-nano-mallocr.o)
                0x0000000020000150                __malloc_sbrk_start
 .bss.__malloc_free_list
                0x0000000020000154        0x4 /usr/lib/gcc/arm-none-eabi/4.9.3/../../../arm-none-eabi/lib/armv7e-m/libg_nano.a(lib_a-nano-mallocr.o)
                0x0000000020000154                __malloc_free_list
 *(COMMON)
 COMMON         0x0000000020000158        0x4 ./system/src/stm32f4-hal/stm32f4xx_hal.o
                0x0000000020000158                uwTick
 COMMON         0x000000002000015c        0x4 ./system/src/newlib/_syscalls.o
                0x000000002000015c                errno
 *(.bss_end .bss_end.*)
 .bss_end       0x0000000020000160        0x4 ./system/src/newlib/_startup.o
                0x0000000020000164                . = ALIGN (0x4)
                0x0000000020000164                __bss_end__ = .
                0x0000000020000164                _ebss = .

.noinit_CCMRAM
 *(.noinit.CCMRAM .noinit.CCMRAM.*)

.noinit         0x0000000020000164        0x0
                0x0000000020000164                _noinit = .
 *(.noinit .noinit.*)
                0x0000000020000164                . = ALIGN (0x4)
                0x0000000020000164                _end_noinit = .
                [!provide]                        PROVIDE (end, _end_noinit)
                [!provide]                        PROVIDE (_end, _end_noinit)
                [!provide]                        PROVIDE (__end, _end_noinit)
                [!provide]                        PROVIDE (__end__, _end_noinit)

._check_stack   0x0000000020000164      0x100
                0x0000000020000264                . = (. + _Minimum_Stack_Size)
 *fill*         0x0000000020000164      0x100 

.b1text
 *(.b1text)
 *(.b1rodata)
 *(.b1rodata.*)

.eb0text
 *(.eb0text)
 *(.eb0rodata)
 *(.eb0rodata.*)

.eb1text
 *(.eb1text)
 *(.eb1rodata)
 *(.eb1rodata.*)

.eb2text
 *(.eb2text)
 *(.eb2rodata)
 *(.eb2rodata.*)

.eb3text
 *(.eb3text)
 *(.eb3rodata)
 *(.eb3rodata.*)

.stab
 *(.stab)

.stabstr
 *(.stabstr)

.stab.excl
 *(.stab.excl)

.stab.exclstr
 *(.stab.exclstr)

.stab.index
 *(.stab.index)

.stab.indexstr
 *(.stab.indexstr)

.comment        0x0000000000000000      0x11c
 *(.comment)
 .comment       0x0000000000000000       0x7f ./system/src/stm32f4-hal/stm32f4xx_hal.o
                                         0x80 (size before relaxing)
 .comment       0x000000000000007f       0x80 ./system/src/stm32f4-hal/stm32f4xx_hal_cortex.o
 .comment       0x000000000000007f       0x80 ./system/src/stm32f4-hal/stm32f4xx_hal_gpio.o
 .comment       0x000000000000007f       0x80 ./system/src/stm32f4-hal/stm32f4xx_hal_rcc.o
 .comment       0x000000000000007f       0x80 ./system/src/newlib/_exit.o
 .comment       0x000000000000007f       0x80 ./system/src/newlib/_sbrk.o
 .comment       0x000000000000007f       0x80 ./system/src/newlib/_startup.o
 .comment       0x000000000000007f       0x80 ./system/src/newlib/_syscalls.o
 .comment       0x000000000000007f       0x80 ./system/src/newlib/assert.o
 .comment       0x000000000000007f       0x80 ./system/src/diag/Trace.o
 .comment       0x000000000000007f       0x80 ./system/src/diag/trace_impl.o
 .comment       0x000000000000007f       0x80 ./system/src/cortexm/_initialize_hardware.o
 .comment       0x000000000000007f       0x80 ./system/src/cortexm/exception_handlers.o
 .comment       0x000000000000007f       0x80 ./system/src/cmsis/system_stm32f4xx.o
 .comment       0x000000000000007f       0x80 ./system/src/cmsis/vectors_stm32f407xx.o
 .comment       0x000000000000007f       0x80 ./src/BlinkLed.o
 .comment       0x000000000000007f       0x80 ./src/Timer.o
 .comment       0x000000000000007f       0x80 ./src/_initialize_hardware.o
 .comment       0x000000000000007f       0x2d ./src/main.o
                                         0x2e (size before relaxing)
 .comment       0x00000000000000ac       0x80 ./src/stm32f4xx_hal_msp.o
 .comment       0x00000000000000ac       0x2e ./src/test.o
 .comment       0x00000000000000ac       0x38 /usr/lib/gcc/arm-none-eabi/4.9.3/armv7e-m/libgcc.a(unwind-arm.o)
                                         0x39 (size before relaxing)
 .comment       0x00000000000000e4       0x39 /usr/lib/gcc/arm-none-eabi/4.9.3/armv7e-m/libgcc.a(pr-support.o)
 .comment       0x00000000000000e4       0x38 /usr/lib/gcc/arm-none-eabi/4.9.3/../../../arm-none-eabi/lib/armv7e-m/libg_nano.a(lib_a-errno.o)
                                         0x39 (size before relaxing)
 .comment       0x000000000000011c       0x39 /usr/lib/gcc/arm-none-eabi/4.9.3/../../../arm-none-eabi/lib/armv7e-m/libg_nano.a(lib_a-impure.o)
 .comment       0x000000000000011c       0x39 /usr/lib/gcc/arm-none-eabi/4.9.3/../../../arm-none-eabi/lib/armv7e-m/libg_nano.a(lib_a-memcpy.o)
 .comment       0x000000000000011c       0x39 /usr/lib/gcc/arm-none-eabi/4.9.3/../../../arm-none-eabi/lib/armv7e-m/libg_nano.a(lib_a-strlen.o)
 .comment       0x000000000000011c       0x39 /usr/lib/gcc/arm-none-eabi/4.9.3/../../../arm-none-eabi/lib/armv7e-m/libg_nano.a(lib_a-vsnprintf.o)
 .comment       0x000000000000011c       0x39 /usr/lib/gcc/arm-none-eabi/4.9.3/../../../arm-none-eabi/lib/armv7e-m/libg_nano.a(lib_a-nano-svfprintf.o)
 .comment       0x000000000000011c       0x39 /usr/lib/gcc/arm-none-eabi/4.9.3/../../../arm-none-eabi/lib/armv7e-m/libg_nano.a(lib_a-nano-vfprintf_i.o)
 .comment       0x000000000000011c       0x39 /usr/lib/gcc/arm-none-eabi/4.9.3/../../../arm-none-eabi/lib/armv7e-m/libg_nano.a(lib_a-memchr.o)
 .comment       0x000000000000011c       0x39 /usr/lib/gcc/arm-none-eabi/4.9.3/../../../arm-none-eabi/lib/armv7e-m/libg_nano.a(lib_a-memmove.o)
 .comment       0x000000000000011c       0x39 /usr/lib/gcc/arm-none-eabi/4.9.3/../../../arm-none-eabi/lib/armv7e-m/libg_nano.a(lib_a-nano-freer.o)
 .comment       0x000000000000011c       0x39 /usr/lib/gcc/arm-none-eabi/4.9.3/../../../arm-none-eabi/lib/armv7e-m/libg_nano.a(lib_a-nano-mallocr.o)
 .comment       0x000000000000011c       0x39 /usr/lib/gcc/arm-none-eabi/4.9.3/../../../arm-none-eabi/lib/armv7e-m/libg_nano.a(lib_a-nano-reallocr.o)
 .comment       0x000000000000011c       0x39 /usr/lib/gcc/arm-none-eabi/4.9.3/../../../arm-none-eabi/lib/armv7e-m/libg_nano.a(lib_a-sbrkr.o)
 .comment       0x000000000000011c       0x39 /usr/lib/gcc/arm-none-eabi/4.9.3/../../../arm-none-eabi/lib/armv7e-m/libg_nano.a(lib_a-nano-msizer.o)

.ARM.attributes
                0x0000000000000000       0x3f
 .ARM.attributes
                0x0000000000000000       0x33 ./system/src/stm32f4-hal/stm32f4xx_hal.o
 .ARM.attributes
                0x0000000000000033       0x33 ./system/src/stm32f4-hal/stm32f4xx_hal_cortex.o
 .ARM.attributes
                0x0000000000000066       0x33 ./system/src/stm32f4-hal/stm32f4xx_hal_gpio.o
 .ARM.attributes
                0x0000000000000099       0x33 ./system/src/stm32f4-hal/stm32f4xx_hal_rcc.o
 .ARM.attributes
                0x00000000000000cc       0x33 ./system/src/newlib/_exit.o
 .ARM.attributes
                0x00000000000000ff       0x33 ./system/src/newlib/_sbrk.o
 .ARM.attributes
                0x0000000000000132       0x33 ./system/src/newlib/_startup.o
 .ARM.attributes
                0x0000000000000165       0x33 ./system/src/newlib/_syscalls.o
 .ARM.attributes
                0x0000000000000198       0x33 ./system/src/newlib/assert.o
 .ARM.attributes
                0x00000000000001cb       0x33 ./system/src/diag/Trace.o
 .ARM.attributes
                0x00000000000001fe       0x33 ./system/src/diag/trace_impl.o
 .ARM.attributes
                0x0000000000000231       0x33 ./system/src/cortexm/_initialize_hardware.o
 .ARM.attributes
                0x0000000000000264       0x33 ./system/src/cortexm/exception_handlers.o
 .ARM.attributes
                0x0000000000000297       0x33 ./system/src/cmsis/system_stm32f4xx.o
 .ARM.attributes
                0x00000000000002ca       0x33 ./system/src/cmsis/vectors_stm32f407xx.o
 .ARM.attributes
                0x00000000000002fd       0x33 ./src/BlinkLed.o
 .ARM.attributes
                0x0000000000000330       0x33 ./src/Timer.o
 .ARM.attributes
                0x0000000000000363       0x33 ./src/_initialize_hardware.o
 .ARM.attributes
                0x0000000000000396       0x3f ./src/main.o
 .ARM.attributes
                0x00000000000003d5       0x33 ./src/stm32f4xx_hal_msp.o
 .ARM.attributes
                0x0000000000000408       0x3f ./src/test.o
 .ARM.attributes
                0x0000000000000447       0x2e /usr/lib/gcc/arm-none-eabi/4.9.3/armv7e-m/libgcc.a(unwind-arm.o)
 .ARM.attributes
                0x0000000000000475       0x1e /usr/lib/gcc/arm-none-eabi/4.9.3/armv7e-m/libgcc.a(libunwind.o)
 .ARM.attributes
                0x0000000000000493       0x2e /usr/lib/gcc/arm-none-eabi/4.9.3/armv7e-m/libgcc.a(pr-support.o)
 .ARM.attributes
                0x00000000000004c1       0x2e /usr/lib/gcc/arm-none-eabi/4.9.3/../../../arm-none-eabi/lib/armv7e-m/libg_nano.a(lib_a-errno.o)
 .ARM.attributes
                0x00000000000004ef       0x2e /usr/lib/gcc/arm-none-eabi/4.9.3/../../../arm-none-eabi/lib/armv7e-m/libg_nano.a(lib_a-impure.o)
 .ARM.attributes
                0x000000000000051d       0x2e /usr/lib/gcc/arm-none-eabi/4.9.3/../../../arm-none-eabi/lib/armv7e-m/libg_nano.a(lib_a-memcpy.o)
 .ARM.attributes
                0x000000000000054b       0x2e /usr/lib/gcc/arm-none-eabi/4.9.3/../../../arm-none-eabi/lib/armv7e-m/libg_nano.a(lib_a-strlen.o)
 .ARM.attributes
                0x0000000000000579       0x2e /usr/lib/gcc/arm-none-eabi/4.9.3/../../../arm-none-eabi/lib/armv7e-m/libg_nano.a(lib_a-vsnprintf.o)
 .ARM.attributes
                0x00000000000005a7       0x2e /usr/lib/gcc/arm-none-eabi/4.9.3/../../../arm-none-eabi/lib/armv7e-m/libg_nano.a(lib_a-nano-svfprintf.o)
 .ARM.attributes
                0x00000000000005d5       0x2e /usr/lib/gcc/arm-none-eabi/4.9.3/../../../arm-none-eabi/lib/armv7e-m/libg_nano.a(lib_a-nano-vfprintf_i.o)
 .ARM.attributes
                0x0000000000000603       0x2e /usr/lib/gcc/arm-none-eabi/4.9.3/../../../arm-none-eabi/lib/armv7e-m/libg_nano.a(lib_a-memchr.o)
 .ARM.attributes
                0x0000000000000631       0x2e /usr/lib/gcc/arm-none-eabi/4.9.3/../../../arm-none-eabi/lib/armv7e-m/libg_nano.a(lib_a-memmove.o)
 .ARM.attributes
                0x000000000000065f       0x2e /usr/lib/gcc/arm-none-eabi/4.9.3/../../../arm-none-eabi/lib/armv7e-m/libg_nano.a(lib_a-nano-freer.o)
 .ARM.attributes
                0x000000000000068d       0x2e /usr/lib/gcc/arm-none-eabi/4.9.3/../../../arm-none-eabi/lib/armv7e-m/libg_nano.a(lib_a-nano-mallocr.o)
 .ARM.attributes
                0x00000000000006bb       0x2e /usr/lib/gcc/arm-none-eabi/4.9.3/../../../arm-none-eabi/lib/armv7e-m/libg_nano.a(lib_a-nano-reallocr.o)
 .ARM.attributes
                0x00000000000006e9       0x2e /usr/lib/gcc/arm-none-eabi/4.9.3/../../../arm-none-eabi/lib/armv7e-m/libg_nano.a(lib_a-sbrkr.o)
 .ARM.attributes
                0x0000000000000717       0x2e /usr/lib/gcc/arm-none-eabi/4.9.3/../../../arm-none-eabi/lib/armv7e-m/libg_nano.a(lib_a-nano-msizer.o)

.note.GNU-stack
                0x0000000000000000        0x0
 .note.GNU-stack
                0x0000000000000000        0x0 ./src/main.o
 .note.GNU-stack
                0x0000000000000000        0x0 ./src/test.o

.debug
 *(.debug)

.line
 *(.line)

.debug_srcinfo
 *(.debug_srcinfo)

.debug_sfnames
 *(.debug_sfnames)

.debug_aranges  0x0000000000000000      0x788
 *(.debug_aranges)
 .debug_aranges
                0x0000000000000000       0xc0 ./system/src/stm32f4-hal/stm32f4xx_hal.o
 .debug_aranges
                0x00000000000000c0       0x98 ./system/src/stm32f4-hal/stm32f4xx_hal_cortex.o
 .debug_aranges
                0x0000000000000158       0x58 ./system/src/stm32f4-hal/stm32f4xx_hal_gpio.o
 .debug_aranges
                0x00000000000001b0       0x88 ./system/src/stm32f4-hal/stm32f4xx_hal_rcc.o
 .debug_aranges
                0x0000000000000238       0x28 ./system/src/newlib/_exit.o
 .debug_aranges
                0x0000000000000260       0x20 ./system/src/newlib/_sbrk.o
 .debug_aranges
                0x0000000000000280       0x40 ./system/src/newlib/_startup.o
 .debug_aranges
                0x00000000000002c0       0x30 ./system/src/newlib/_syscalls.o
 .debug_aranges
                0x00000000000002f0       0x28 ./system/src/newlib/assert.o
 .debug_aranges
                0x0000000000000318       0x38 ./system/src/diag/Trace.o
 .debug_aranges
                0x0000000000000350       0x30 ./system/src/diag/trace_impl.o
 .debug_aranges
                0x0000000000000380       0x28 ./system/src/cortexm/_initialize_hardware.o
 .debug_aranges
                0x00000000000003a8       0x90 ./system/src/cortexm/exception_handlers.o
 .debug_aranges
                0x0000000000000438       0x28 ./system/src/cmsis/system_stm32f4xx.o
 .debug_aranges
                0x0000000000000460       0x20 ./system/src/cmsis/vectors_stm32f407xx.o
 .debug_aranges
                0x0000000000000480       0x48 ./src/BlinkLed.o
 .debug_aranges
                0x00000000000004c8       0x28 ./src/Timer.o
 .debug_aranges
                0x00000000000004f0       0x28 ./src/_initialize_hardware.o
 .debug_aranges
                0x0000000000000518       0x38 ./src/stm32f4xx_hal_msp.o
 .debug_aranges
                0x0000000000000550       0x20 /usr/lib/gcc/arm-none-eabi/4.9.3/armv7e-m/libgcc.a(unwind-arm.o)
 .debug_aranges
                0x0000000000000570       0x20 /usr/lib/gcc/arm-none-eabi/4.9.3/armv7e-m/libgcc.a(libunwind.o)
 .debug_aranges
                0x0000000000000590       0x20 /usr/lib/gcc/arm-none-eabi/4.9.3/armv7e-m/libgcc.a(pr-support.o)
 .debug_aranges
                0x00000000000005b0       0x20 /usr/lib/gcc/arm-none-eabi/4.9.3/../../../arm-none-eabi/lib/armv7e-m/libg_nano.a(lib_a-errno.o)
 .debug_aranges
                0x00000000000005d0       0x18 /usr/lib/gcc/arm-none-eabi/4.9.3/../../../arm-none-eabi/lib/armv7e-m/libg_nano.a(lib_a-impure.o)
 .debug_aranges
                0x00000000000005e8       0x20 /usr/lib/gcc/arm-none-eabi/4.9.3/../../../arm-none-eabi/lib/armv7e-m/libg_nano.a(lib_a-memcpy.o)
 .debug_aranges
                0x0000000000000608       0x20 /usr/lib/gcc/arm-none-eabi/4.9.3/../../../arm-none-eabi/lib/armv7e-m/libg_nano.a(lib_a-strlen.o)
 .debug_aranges
                0x0000000000000628       0x28 /usr/lib/gcc/arm-none-eabi/4.9.3/../../../arm-none-eabi/lib/armv7e-m/libg_nano.a(lib_a-vsnprintf.o)
 .debug_aranges
                0x0000000000000650       0x30 /usr/lib/gcc/arm-none-eabi/4.9.3/../../../arm-none-eabi/lib/armv7e-m/libg_nano.a(lib_a-nano-svfprintf.o)
 .debug_aranges
                0x0000000000000680       0x28 /usr/lib/gcc/arm-none-eabi/4.9.3/../../../arm-none-eabi/lib/armv7e-m/libg_nano.a(lib_a-nano-vfprintf_i.o)
 .debug_aranges
                0x00000000000006a8       0x20 /usr/lib/gcc/arm-none-eabi/4.9.3/../../../arm-none-eabi/lib/armv7e-m/libg_nano.a(lib_a-memchr.o)
 .debug_aranges
                0x00000000000006c8       0x20 /usr/lib/gcc/arm-none-eabi/4.9.3/../../../arm-none-eabi/lib/armv7e-m/libg_nano.a(lib_a-memmove.o)
 .debug_aranges
                0x00000000000006e8       0x20 /usr/lib/gcc/arm-none-eabi/4.9.3/../../../arm-none-eabi/lib/armv7e-m/libg_nano.a(lib_a-nano-freer.o)
 .debug_aranges
                0x0000000000000708       0x20 /usr/lib/gcc/arm-none-eabi/4.9.3/../../../arm-none-eabi/lib/armv7e-m/libg_nano.a(lib_a-nano-mallocr.o)
 .debug_aranges
                0x0000000000000728       0x20 /usr/lib/gcc/arm-none-eabi/4.9.3/../../../arm-none-eabi/lib/armv7e-m/libg_nano.a(lib_a-nano-reallocr.o)
 .debug_aranges
                0x0000000000000748       0x20 /usr/lib/gcc/arm-none-eabi/4.9.3/../../../arm-none-eabi/lib/armv7e-m/libg_nano.a(lib_a-sbrkr.o)
 .debug_aranges
                0x0000000000000768       0x20 /usr/lib/gcc/arm-none-eabi/4.9.3/../../../arm-none-eabi/lib/armv7e-m/libg_nano.a(lib_a-nano-msizer.o)

.debug_pubnames
 *(.debug_pubnames)

.debug_info     0x0000000000000000    0x1712b
 *(.debug_info .gnu.linkonce.wi.*)
 .debug_info    0x0000000000000000     0x10f4 ./system/src/stm32f4-hal/stm32f4xx_hal.o
 .debug_info    0x00000000000010f4     0x18fe ./system/src/stm32f4-hal/stm32f4xx_hal_cortex.o
 .debug_info    0x00000000000029f2     0x1092 ./system/src/stm32f4-hal/stm32f4xx_hal_gpio.o
 .debug_info    0x0000000000003a84     0x1758 ./system/src/stm32f4-hal/stm32f4xx_hal_rcc.o
 .debug_info    0x00000000000051dc      0x95d ./system/src/newlib/_exit.o
 .debug_info    0x0000000000005b39      0x949 ./system/src/newlib/_sbrk.o
 .debug_info    0x0000000000006482      0x4ca ./system/src/newlib/_startup.o
 .debug_info    0x000000000000694c      0xa20 ./system/src/newlib/_syscalls.o
 .debug_info    0x000000000000736c      0xa06 ./system/src/newlib/assert.o
 .debug_info    0x0000000000007d72      0xb31 ./system/src/diag/Trace.o
 .debug_info    0x00000000000088a3      0xb75 ./system/src/diag/trace_impl.o
 .debug_info    0x0000000000009418      0xae5 ./system/src/cortexm/_initialize_hardware.o
 .debug_info    0x0000000000009efd     0x1160 ./system/src/cortexm/exception_handlers.o
 .debug_info    0x000000000000b05d      0xcdb ./system/src/cmsis/system_stm32f4xx.o
 .debug_info    0x000000000000bd38       0xd1 ./system/src/cmsis/vectors_stm32f407xx.o
 .debug_info    0x000000000000be09      0xe0d ./src/BlinkLed.o
 .debug_info    0x000000000000cc16      0xa0b ./src/Timer.o
 .debug_info    0x000000000000d621      0xd0f ./src/_initialize_hardware.o
 .debug_info    0x000000000000e330      0x916 ./src/stm32f4xx_hal_msp.o
 .debug_info    0x000000000000ec46     0x1c2e /usr/lib/gcc/arm-none-eabi/4.9.3/armv7e-m/libgcc.a(unwind-arm.o)
 .debug_info    0x0000000000010874       0xba /usr/lib/gcc/arm-none-eabi/4.9.3/armv7e-m/libgcc.a(libunwind.o)
 .debug_info    0x000000000001092e      0xa21 /usr/lib/gcc/arm-none-eabi/4.9.3/armv7e-m/libgcc.a(pr-support.o)
 .debug_info    0x000000000001134f      0x735 /usr/lib/gcc/arm-none-eabi/4.9.3/../../../arm-none-eabi/lib/armv7e-m/libg_nano.a(lib_a-errno.o)
 .debug_info    0x0000000000011a84      0x7d3 /usr/lib/gcc/arm-none-eabi/4.9.3/../../../arm-none-eabi/lib/armv7e-m/libg_nano.a(lib_a-impure.o)
 .debug_info    0x0000000000012257      0x104 /usr/lib/gcc/arm-none-eabi/4.9.3/../../../arm-none-eabi/lib/armv7e-m/libg_nano.a(lib_a-memcpy.o)
 .debug_info    0x000000000001235b       0xcd /usr/lib/gcc/arm-none-eabi/4.9.3/../../../arm-none-eabi/lib/armv7e-m/libg_nano.a(lib_a-strlen.o)
 .debug_info    0x0000000000012428      0x897 /usr/lib/gcc/arm-none-eabi/4.9.3/../../../arm-none-eabi/lib/armv7e-m/libg_nano.a(lib_a-vsnprintf.o)
 .debug_info    0x0000000000012cbf      0xdf4 /usr/lib/gcc/arm-none-eabi/4.9.3/../../../arm-none-eabi/lib/armv7e-m/libg_nano.a(lib_a-nano-svfprintf.o)
 .debug_info    0x0000000000013ab3      0xb5b /usr/lib/gcc/arm-none-eabi/4.9.3/../../../arm-none-eabi/lib/armv7e-m/libg_nano.a(lib_a-nano-vfprintf_i.o)
 .debug_info    0x000000000001460e       0xf8 /usr/lib/gcc/arm-none-eabi/4.9.3/../../../arm-none-eabi/lib/armv7e-m/libg_nano.a(lib_a-memchr.o)
 .debug_info    0x0000000000014706      0x102 /usr/lib/gcc/arm-none-eabi/4.9.3/../../../arm-none-eabi/lib/armv7e-m/libg_nano.a(lib_a-memmove.o)
 .debug_info    0x0000000000014808      0x81a /usr/lib/gcc/arm-none-eabi/4.9.3/../../../arm-none-eabi/lib/armv7e-m/libg_nano.a(lib_a-nano-freer.o)
 .debug_info    0x0000000000015022      0x8fb /usr/lib/gcc/arm-none-eabi/4.9.3/../../../arm-none-eabi/lib/armv7e-m/libg_nano.a(lib_a-nano-mallocr.o)
 .debug_info    0x000000000001591d      0x8b5 /usr/lib/gcc/arm-none-eabi/4.9.3/../../../arm-none-eabi/lib/armv7e-m/libg_nano.a(lib_a-nano-reallocr.o)
 .debug_info    0x00000000000161d2      0x7a0 /usr/lib/gcc/arm-none-eabi/4.9.3/../../../arm-none-eabi/lib/armv7e-m/libg_nano.a(lib_a-sbrkr.o)
 .debug_info    0x0000000000016972      0x7b9 /usr/lib/gcc/arm-none-eabi/4.9.3/../../../arm-none-eabi/lib/armv7e-m/libg_nano.a(lib_a-nano-msizer.o)

.debug_abbrev   0x0000000000000000     0x4899
 *(.debug_abbrev)
 .debug_abbrev  0x0000000000000000      0x329 ./system/src/stm32f4-hal/stm32f4xx_hal.o
 .debug_abbrev  0x0000000000000329      0x3ef ./system/src/stm32f4-hal/stm32f4xx_hal_cortex.o
 .debug_abbrev  0x0000000000000718      0x2dc ./system/src/stm32f4-hal/stm32f4xx_hal_gpio.o
 .debug_abbrev  0x00000000000009f4      0x392 ./system/src/stm32f4-hal/stm32f4xx_hal_rcc.o
 .debug_abbrev  0x0000000000000d86      0x1f3 ./system/src/newlib/_exit.o
 .debug_abbrev  0x0000000000000f79      0x1fc ./system/src/newlib/_sbrk.o
 .debug_abbrev  0x0000000000001175      0x1c4 ./system/src/newlib/_startup.o
 .debug_abbrev  0x0000000000001339      0x234 ./system/src/newlib/_syscalls.o
 .debug_abbrev  0x000000000000156d      0x1f3 ./system/src/newlib/assert.o
 .debug_abbrev  0x0000000000001760      0x276 ./system/src/diag/Trace.o
 .debug_abbrev  0x00000000000019d6      0x2ef ./system/src/diag/trace_impl.o
 .debug_abbrev  0x0000000000001cc5      0x1de ./system/src/cortexm/_initialize_hardware.o
 .debug_abbrev  0x0000000000001ea3      0x329 ./system/src/cortexm/exception_handlers.o
 .debug_abbrev  0x00000000000021cc      0x216 ./system/src/cmsis/system_stm32f4xx.o
 .debug_abbrev  0x00000000000023e2       0x9d ./system/src/cmsis/vectors_stm32f407xx.o
 .debug_abbrev  0x000000000000247f      0x2ef ./src/BlinkLed.o
 .debug_abbrev  0x000000000000276e      0x2bd ./src/Timer.o
 .debug_abbrev  0x0000000000002a2b      0x22d ./src/_initialize_hardware.o
 .debug_abbrev  0x0000000000002c58      0x1b1 ./src/stm32f4xx_hal_msp.o
 .debug_abbrev  0x0000000000002e09      0x42c /usr/lib/gcc/arm-none-eabi/4.9.3/armv7e-m/libgcc.a(unwind-arm.o)
 .debug_abbrev  0x0000000000003235       0x14 /usr/lib/gcc/arm-none-eabi/4.9.3/armv7e-m/libgcc.a(libunwind.o)
 .debug_abbrev  0x0000000000003249      0x26e /usr/lib/gcc/arm-none-eabi/4.9.3/armv7e-m/libgcc.a(pr-support.o)
 .debug_abbrev  0x00000000000034b7      0x134 /usr/lib/gcc/arm-none-eabi/4.9.3/../../../arm-none-eabi/lib/armv7e-m/libg_nano.a(lib_a-errno.o)
 .debug_abbrev  0x00000000000035eb      0x136 /usr/lib/gcc/arm-none-eabi/4.9.3/../../../arm-none-eabi/lib/armv7e-m/libg_nano.a(lib_a-impure.o)
 .debug_abbrev  0x0000000000003721       0xa4 /usr/lib/gcc/arm-none-eabi/4.9.3/../../../arm-none-eabi/lib/armv7e-m/libg_nano.a(lib_a-memcpy.o)
 .debug_abbrev  0x00000000000037c5       0x8c /usr/lib/gcc/arm-none-eabi/4.9.3/../../../arm-none-eabi/lib/armv7e-m/libg_nano.a(lib_a-strlen.o)
 .debug_abbrev  0x0000000000003851      0x1ba /usr/lib/gcc/arm-none-eabi/4.9.3/../../../arm-none-eabi/lib/armv7e-m/libg_nano.a(lib_a-vsnprintf.o)
 .debug_abbrev  0x0000000000003a0b      0x278 /usr/lib/gcc/arm-none-eabi/4.9.3/../../../arm-none-eabi/lib/armv7e-m/libg_nano.a(lib_a-nano-svfprintf.o)
 .debug_abbrev  0x0000000000003c83      0x1fb /usr/lib/gcc/arm-none-eabi/4.9.3/../../../arm-none-eabi/lib/armv7e-m/libg_nano.a(lib_a-nano-vfprintf_i.o)
 .debug_abbrev  0x0000000000003e7e       0xab /usr/lib/gcc/arm-none-eabi/4.9.3/../../../arm-none-eabi/lib/armv7e-m/libg_nano.a(lib_a-memchr.o)
 .debug_abbrev  0x0000000000003f29       0x9c /usr/lib/gcc/arm-none-eabi/4.9.3/../../../arm-none-eabi/lib/armv7e-m/libg_nano.a(lib_a-memmove.o)
 .debug_abbrev  0x0000000000003fc5      0x1b6 /usr/lib/gcc/arm-none-eabi/4.9.3/../../../arm-none-eabi/lib/armv7e-m/libg_nano.a(lib_a-nano-freer.o)
 .debug_abbrev  0x000000000000417b      0x250 /usr/lib/gcc/arm-none-eabi/4.9.3/../../../arm-none-eabi/lib/armv7e-m/libg_nano.a(lib_a-nano-mallocr.o)
 .debug_abbrev  0x00000000000043cb      0x1cb /usr/lib/gcc/arm-none-eabi/4.9.3/../../../arm-none-eabi/lib/armv7e-m/libg_nano.a(lib_a-nano-reallocr.o)
 .debug_abbrev  0x0000000000004596      0x1a2 /usr/lib/gcc/arm-none-eabi/4.9.3/../../../arm-none-eabi/lib/armv7e-m/libg_nano.a(lib_a-sbrkr.o)
 .debug_abbrev  0x0000000000004738      0x161 /usr/lib/gcc/arm-none-eabi/4.9.3/../../../arm-none-eabi/lib/armv7e-m/libg_nano.a(lib_a-nano-msizer.o)

.debug_line     0x0000000000000000     0xbcca
 *(.debug_line)
 .debug_line    0x0000000000000000      0xbe5 ./system/src/stm32f4-hal/stm32f4xx_hal.o
 .debug_line    0x0000000000000be5      0xce5 ./system/src/stm32f4-hal/stm32f4xx_hal_cortex.o
 .debug_line    0x00000000000018ca      0xd12 ./system/src/stm32f4-hal/stm32f4xx_hal_gpio.o
 .debug_line    0x00000000000025dc      0xe66 ./system/src/stm32f4-hal/stm32f4xx_hal_rcc.o
 .debug_line    0x0000000000003442      0x368 ./system/src/newlib/_exit.o
 .debug_line    0x00000000000037aa      0x31c ./system/src/newlib/_sbrk.o
 .debug_line    0x0000000000003ac6      0x3e4 ./system/src/newlib/_startup.o
 .debug_line    0x0000000000003eaa      0x43a ./system/src/newlib/_syscalls.o
 .debug_line    0x00000000000042e4      0x3a3 ./system/src/newlib/assert.o
 .debug_line    0x0000000000004687      0x3d6 ./system/src/diag/Trace.o
 .debug_line    0x0000000000004a5d      0xb21 ./system/src/diag/trace_impl.o
 .debug_line    0x000000000000557e      0xa89 ./system/src/cortexm/_initialize_hardware.o
 .debug_line    0x0000000000006007      0xbcc ./system/src/cortexm/exception_handlers.o
 .debug_line    0x0000000000006bd3      0xa91 ./system/src/cmsis/system_stm32f4xx.o
 .debug_line    0x0000000000007664      0x10b ./system/src/cmsis/vectors_stm32f407xx.o
 .debug_line    0x000000000000776f      0xa67 ./src/BlinkLed.o
 .debug_line    0x00000000000081d6      0xa50 ./src/Timer.o
 .debug_line    0x0000000000008c26      0xa83 ./src/_initialize_hardware.o
 .debug_line    0x00000000000096a9      0xa83 ./src/stm32f4xx_hal_msp.o
 .debug_line    0x000000000000a12c      0x516 /usr/lib/gcc/arm-none-eabi/4.9.3/armv7e-m/libgcc.a(unwind-arm.o)
 .debug_line    0x000000000000a642       0xab /usr/lib/gcc/arm-none-eabi/4.9.3/armv7e-m/libgcc.a(libunwind.o)
 .debug_line    0x000000000000a6ed      0x1d3 /usr/lib/gcc/arm-none-eabi/4.9.3/armv7e-m/libgcc.a(pr-support.o)
 .debug_line    0x000000000000a8c0      0x10b /usr/lib/gcc/arm-none-eabi/4.9.3/../../../arm-none-eabi/lib/armv7e-m/libg_nano.a(lib_a-errno.o)
 .debug_line    0x000000000000a9cb       0xf1 /usr/lib/gcc/arm-none-eabi/4.9.3/../../../arm-none-eabi/lib/armv7e-m/libg_nano.a(lib_a-impure.o)
 .debug_line    0x000000000000aabc       0xed /usr/lib/gcc/arm-none-eabi/4.9.3/../../../arm-none-eabi/lib/armv7e-m/libg_nano.a(lib_a-memcpy.o)
 .debug_line    0x000000000000aba9       0xf5 /usr/lib/gcc/arm-none-eabi/4.9.3/../../../arm-none-eabi/lib/armv7e-m/libg_nano.a(lib_a-strlen.o)
 .debug_line    0x000000000000ac9e      0x1a1 /usr/lib/gcc/arm-none-eabi/4.9.3/../../../arm-none-eabi/lib/armv7e-m/libg_nano.a(lib_a-vsnprintf.o)
 .debug_line    0x000000000000ae3f      0x2d4 /usr/lib/gcc/arm-none-eabi/4.9.3/../../../arm-none-eabi/lib/armv7e-m/libg_nano.a(lib_a-nano-svfprintf.o)
 .debug_line    0x000000000000b113      0x2fd /usr/lib/gcc/arm-none-eabi/4.9.3/../../../arm-none-eabi/lib/armv7e-m/libg_nano.a(lib_a-nano-vfprintf_i.o)
 .debug_line    0x000000000000b410       0xf0 /usr/lib/gcc/arm-none-eabi/4.9.3/../../../arm-none-eabi/lib/armv7e-m/libg_nano.a(lib_a-memchr.o)
 .debug_line    0x000000000000b500       0xfb /usr/lib/gcc/arm-none-eabi/4.9.3/../../../arm-none-eabi/lib/armv7e-m/libg_nano.a(lib_a-memmove.o)
 .debug_line    0x000000000000b5fb      0x149 /usr/lib/gcc/arm-none-eabi/4.9.3/../../../arm-none-eabi/lib/armv7e-m/libg_nano.a(lib_a-nano-freer.o)
 .debug_line    0x000000000000b744      0x199 /usr/lib/gcc/arm-none-eabi/4.9.3/../../../arm-none-eabi/lib/armv7e-m/libg_nano.a(lib_a-nano-mallocr.o)
 .debug_line    0x000000000000b8dd      0x17e /usr/lib/gcc/arm-none-eabi/4.9.3/../../../arm-none-eabi/lib/armv7e-m/libg_nano.a(lib_a-nano-reallocr.o)
 .debug_line    0x000000000000ba5b      0x162 /usr/lib/gcc/arm-none-eabi/4.9.3/../../../arm-none-eabi/lib/armv7e-m/libg_nano.a(lib_a-sbrkr.o)
 .debug_line    0x000000000000bbbd      0x10d /usr/lib/gcc/arm-none-eabi/4.9.3/../../../arm-none-eabi/lib/armv7e-m/libg_nano.a(lib_a-nano-msizer.o)

.debug_frame    0x0000000000000000     0x11ac
 *(.debug_frame)
 .debug_frame   0x0000000000000000      0x188 ./system/src/stm32f4-hal/stm32f4xx_hal.o
 .debug_frame   0x0000000000000188      0x17c ./system/src/stm32f4-hal/stm32f4xx_hal_cortex.o
 .debug_frame   0x0000000000000304       0xfc ./system/src/stm32f4-hal/stm32f4xx_hal_gpio.o
 .debug_frame   0x0000000000000400      0x140 ./system/src/stm32f4-hal/stm32f4xx_hal_rcc.o
 .debug_frame   0x0000000000000540       0x38 ./system/src/newlib/_exit.o
 .debug_frame   0x0000000000000578       0x28 ./system/src/newlib/_sbrk.o
 .debug_frame   0x00000000000005a0       0x7c ./system/src/newlib/_startup.o
 .debug_frame   0x000000000000061c       0x50 ./system/src/newlib/_syscalls.o
 .debug_frame   0x000000000000066c       0x40 ./system/src/newlib/assert.o
 .debug_frame   0x00000000000006ac       0x94 ./system/src/diag/Trace.o
 .debug_frame   0x0000000000000740       0x64 ./system/src/diag/trace_impl.o
 .debug_frame   0x00000000000007a4       0x40 ./system/src/cortexm/_initialize_hardware.o
 .debug_frame   0x00000000000007e4      0x158 ./system/src/cortexm/exception_handlers.o
 .debug_frame   0x000000000000093c       0x30 ./system/src/cmsis/system_stm32f4xx.o
 .debug_frame   0x000000000000096c       0x20 ./system/src/cmsis/vectors_stm32f407xx.o
 .debug_frame   0x000000000000098c       0x8c ./src/BlinkLed.o
 .debug_frame   0x0000000000000a18       0x38 ./src/Timer.o
 .debug_frame   0x0000000000000a50       0x48 ./src/_initialize_hardware.o
 .debug_frame   0x0000000000000a98       0x50 ./src/stm32f4xx_hal_msp.o
 .debug_frame   0x0000000000000ae8      0x2f4 /usr/lib/gcc/arm-none-eabi/4.9.3/armv7e-m/libgcc.a(unwind-arm.o)
 .debug_frame   0x0000000000000ddc      0x104 /usr/lib/gcc/arm-none-eabi/4.9.3/armv7e-m/libgcc.a(pr-support.o)
 .debug_frame   0x0000000000000ee0       0x20 /usr/lib/gcc/arm-none-eabi/4.9.3/../../../arm-none-eabi/lib/armv7e-m/libg_nano.a(lib_a-errno.o)
 .debug_frame   0x0000000000000f00       0x28 /usr/lib/gcc/arm-none-eabi/4.9.3/../../../arm-none-eabi/lib/armv7e-m/libg_nano.a(lib_a-memcpy.o)
 .debug_frame   0x0000000000000f28       0x20 /usr/lib/gcc/arm-none-eabi/4.9.3/../../../arm-none-eabi/lib/armv7e-m/libg_nano.a(lib_a-strlen.o)
 .debug_frame   0x0000000000000f48       0x50 /usr/lib/gcc/arm-none-eabi/4.9.3/../../../arm-none-eabi/lib/armv7e-m/libg_nano.a(lib_a-vsnprintf.o)
 .debug_frame   0x0000000000000f98       0x8c /usr/lib/gcc/arm-none-eabi/4.9.3/../../../arm-none-eabi/lib/armv7e-m/libg_nano.a(lib_a-nano-svfprintf.o)
 .debug_frame   0x0000000000001024       0x58 /usr/lib/gcc/arm-none-eabi/4.9.3/../../../arm-none-eabi/lib/armv7e-m/libg_nano.a(lib_a-nano-vfprintf_i.o)
 .debug_frame   0x000000000000107c       0x28 /usr/lib/gcc/arm-none-eabi/4.9.3/../../../arm-none-eabi/lib/armv7e-m/libg_nano.a(lib_a-memchr.o)
 .debug_frame   0x00000000000010a4       0x28 /usr/lib/gcc/arm-none-eabi/4.9.3/../../../arm-none-eabi/lib/armv7e-m/libg_nano.a(lib_a-memmove.o)
 .debug_frame   0x00000000000010cc       0x2c /usr/lib/gcc/arm-none-eabi/4.9.3/../../../arm-none-eabi/lib/armv7e-m/libg_nano.a(lib_a-nano-freer.o)
 .debug_frame   0x00000000000010f8       0x2c /usr/lib/gcc/arm-none-eabi/4.9.3/../../../arm-none-eabi/lib/armv7e-m/libg_nano.a(lib_a-nano-mallocr.o)
 .debug_frame   0x0000000000001124       0x3c /usr/lib/gcc/arm-none-eabi/4.9.3/../../../arm-none-eabi/lib/armv7e-m/libg_nano.a(lib_a-nano-reallocr.o)
 .debug_frame   0x0000000000001160       0x2c /usr/lib/gcc/arm-none-eabi/4.9.3/../../../arm-none-eabi/lib/armv7e-m/libg_nano.a(lib_a-sbrkr.o)
 .debug_frame   0x000000000000118c       0x20 /usr/lib/gcc/arm-none-eabi/4.9.3/../../../arm-none-eabi/lib/armv7e-m/libg_nano.a(lib_a-nano-msizer.o)

.debug_str      0x0000000000000000    0x9cacf
 *(.debug_str)
 .debug_str     0x0000000000000000    0x9728c ./system/src/stm32f4-hal/stm32f4xx_hal.o
                                      0x9772a (size before relaxing)
 .debug_str     0x000000000009728c      0x396 ./system/src/stm32f4-hal/stm32f4xx_hal_cortex.o
                                      0x975a6 (size before relaxing)
 .debug_str     0x0000000000097622      0x2bf ./system/src/stm32f4-hal/stm32f4xx_hal_gpio.o
                                      0x96fb7 (size before relaxing)
 .debug_str     0x00000000000978e1      0x393 ./system/src/stm32f4-hal/stm32f4xx_hal_rcc.o
                                      0x97145 (size before relaxing)
 .debug_str     0x0000000000097c74     0x10fa ./system/src/newlib/_exit.o
                                       0x751b (size before relaxing)
 .debug_str     0x0000000000098d6e      0x4f5 ./system/src/newlib/_sbrk.o
                                       0x68cd (size before relaxing)
 .debug_str     0x0000000000099263      0x2c6 ./system/src/newlib/_startup.o
                                       0x60f5 (size before relaxing)
 .debug_str     0x0000000000099529      0xe2c ./system/src/newlib/_syscalls.o
                                       0x7749 (size before relaxing)
 .debug_str     0x000000000009a355       0xd0 ./system/src/newlib/assert.o
                                       0x8020 (size before relaxing)
 .debug_str     0x000000000009a425      0x169 ./system/src/diag/Trace.o
                                       0x7d01 (size before relaxing)
 .debug_str     0x000000000009a58e      0x37b ./system/src/diag/trace_impl.o
                                      0x97ed4 (size before relaxing)
 .debug_str     0x000000000009a909       0x5e ./system/src/cortexm/_initialize_hardware.o
                                      0x96c66 (size before relaxing)
 .debug_str     0x000000000009a967      0x197 ./system/src/cortexm/exception_handlers.o
                                      0x98055 (size before relaxing)
 .debug_str     0x000000000009aafe       0x46 ./system/src/cmsis/system_stm32f4xx.o
                                      0x96d35 (size before relaxing)
 .debug_str     0x000000000009ab44       0x59 ./system/src/cmsis/vectors_stm32f407xx.o
                                       0x3114 (size before relaxing)
 .debug_str     0x000000000009ab9d      0x8f6 ./src/BlinkLed.o
                                      0x9681a (size before relaxing)
 .debug_str     0x000000000009b493       0xac ./src/Timer.o
                                      0x965e2 (size before relaxing)
 .debug_str     0x000000000009b53f       0x31 ./src/_initialize_hardware.o
                                      0x96e4b (size before relaxing)
 .debug_str     0x000000000009b570       0x3d ./src/stm32f4xx_hal_msp.o
                                      0x96bae (size before relaxing)
 .debug_str     0x000000000009b5ad      0xb53 /usr/lib/gcc/arm-none-eabi/4.9.3/armv7e-m/libgcc.a(unwind-arm.o)
                                        0xc36 (size before relaxing)
 .debug_str     0x000000000009c100       0xdd /usr/lib/gcc/arm-none-eabi/4.9.3/armv7e-m/libgcc.a(pr-support.o)
                                        0x5ca (size before relaxing)
 .debug_str     0x000000000009c1dd      0x17f /usr/lib/gcc/arm-none-eabi/4.9.3/../../../arm-none-eabi/lib/armv7e-m/libg_nano.a(lib_a-errno.o)
                                        0x526 (size before relaxing)
 .debug_str     0x000000000009c35c       0xe2 /usr/lib/gcc/arm-none-eabi/4.9.3/../../../arm-none-eabi/lib/armv7e-m/libg_nano.a(lib_a-impure.o)
                                        0x57d (size before relaxing)
 .debug_str     0x000000000009c43e       0xad /usr/lib/gcc/arm-none-eabi/4.9.3/../../../arm-none-eabi/lib/armv7e-m/libg_nano.a(lib_a-memcpy.o)
                                        0x1e9 (size before relaxing)
 .debug_str     0x000000000009c4eb       0xae /usr/lib/gcc/arm-none-eabi/4.9.3/../../../arm-none-eabi/lib/armv7e-m/libg_nano.a(lib_a-strlen.o)
                                        0x1ea (size before relaxing)
 .debug_str     0x000000000009c599       0xb4 /usr/lib/gcc/arm-none-eabi/4.9.3/../../../arm-none-eabi/lib/armv7e-m/libg_nano.a(lib_a-vsnprintf.o)
                                        0x57d (size before relaxing)
 .debug_str     0x000000000009c64d      0x1e6 /usr/lib/gcc/arm-none-eabi/4.9.3/../../../arm-none-eabi/lib/armv7e-m/libg_nano.a(lib_a-nano-svfprintf.o)
                                        0x6af (size before relaxing)
 .debug_str     0x000000000009c833       0x8e /usr/lib/gcc/arm-none-eabi/4.9.3/../../../arm-none-eabi/lib/armv7e-m/libg_nano.a(lib_a-nano-vfprintf_i.o)
                                        0x64e (size before relaxing)
 .debug_str     0x000000000009c8c1       0x37 /usr/lib/gcc/arm-none-eabi/4.9.3/../../../arm-none-eabi/lib/armv7e-m/libg_nano.a(lib_a-memchr.o)
                                        0x1e5 (size before relaxing)
 .debug_str     0x000000000009c8f8       0x38 /usr/lib/gcc/arm-none-eabi/4.9.3/../../../arm-none-eabi/lib/armv7e-m/libg_nano.a(lib_a-memmove.o)
                                        0x1f0 (size before relaxing)
 .debug_str     0x000000000009c930       0xfb /usr/lib/gcc/arm-none-eabi/4.9.3/../../../arm-none-eabi/lib/armv7e-m/libg_nano.a(lib_a-nano-freer.o)
                                        0x596 (size before relaxing)
 .debug_str     0x000000000009ca2b       0x46 /usr/lib/gcc/arm-none-eabi/4.9.3/../../../arm-none-eabi/lib/armv7e-m/libg_nano.a(lib_a-nano-mallocr.o)
                                        0x5cb (size before relaxing)
 .debug_str     0x000000000009ca71       0x23 /usr/lib/gcc/arm-none-eabi/4.9.3/../../../arm-none-eabi/lib/armv7e-m/libg_nano.a(lib_a-nano-reallocr.o)
                                        0x59e (size before relaxing)
 .debug_str     0x000000000009ca94       0x2c /usr/lib/gcc/arm-none-eabi/4.9.3/../../../arm-none-eabi/lib/armv7e-m/libg_nano.a(lib_a-sbrkr.o)
                                        0x535 (size before relaxing)
 .debug_str     0x000000000009cac0        0xf /usr/lib/gcc/arm-none-eabi/4.9.3/../../../arm-none-eabi/lib/armv7e-m/libg_nano.a(lib_a-nano-msizer.o)
                                        0x57c (size before relaxing)

.debug_loc      0x0000000000000000     0x4e55
 *(.debug_loc)
 .debug_loc     0x0000000000000000       0x92 ./system/src/stm32f4-hal/stm32f4xx_hal.o
 .debug_loc     0x0000000000000092      0x73b ./system/src/stm32f4-hal/stm32f4xx_hal_cortex.o
 .debug_loc     0x00000000000007cd      0x593 ./system/src/stm32f4-hal/stm32f4xx_hal_gpio.o
 .debug_loc     0x0000000000000d60      0x4cd ./system/src/stm32f4-hal/stm32f4xx_hal_rcc.o
 .debug_loc     0x000000000000122d       0x85 ./system/src/newlib/_sbrk.o
 .debug_loc     0x00000000000012b2      0x2d3 ./system/src/newlib/_startup.o
 .debug_loc     0x0000000000001585       0x63 ./system/src/newlib/_syscalls.o
 .debug_loc     0x00000000000015e8      0x134 ./system/src/newlib/assert.o
 .debug_loc     0x000000000000171c       0xf6 ./system/src/diag/Trace.o
 .debug_loc     0x0000000000001812      0x121 ./system/src/diag/trace_impl.o
 .debug_loc     0x0000000000001933      0x291 ./system/src/cortexm/exception_handlers.o
 .debug_loc     0x0000000000001bc4      0x13e ./system/src/cmsis/system_stm32f4xx.o
 .debug_loc     0x0000000000001d02       0xa4 ./src/BlinkLed.o
 .debug_loc     0x0000000000001da6     0x177e /usr/lib/gcc/arm-none-eabi/4.9.3/armv7e-m/libgcc.a(unwind-arm.o)
 .debug_loc     0x0000000000003524      0x546 /usr/lib/gcc/arm-none-eabi/4.9.3/armv7e-m/libgcc.a(pr-support.o)
 .debug_loc     0x0000000000003a6a       0x87 /usr/lib/gcc/arm-none-eabi/4.9.3/../../../arm-none-eabi/lib/armv7e-m/libg_nano.a(lib_a-memcpy.o)
 .debug_loc     0x0000000000003af1       0x21 /usr/lib/gcc/arm-none-eabi/4.9.3/../../../arm-none-eabi/lib/armv7e-m/libg_nano.a(lib_a-strlen.o)
 .debug_loc     0x0000000000003b12      0x16e /usr/lib/gcc/arm-none-eabi/4.9.3/../../../arm-none-eabi/lib/armv7e-m/libg_nano.a(lib_a-vsnprintf.o)
 .debug_loc     0x0000000000003c80      0x53f /usr/lib/gcc/arm-none-eabi/4.9.3/../../../arm-none-eabi/lib/armv7e-m/libg_nano.a(lib_a-nano-svfprintf.o)
 .debug_loc     0x00000000000041bf      0x47b /usr/lib/gcc/arm-none-eabi/4.9.3/../../../arm-none-eabi/lib/armv7e-m/libg_nano.a(lib_a-nano-vfprintf_i.o)
 .debug_loc     0x000000000000463a       0xaa /usr/lib/gcc/arm-none-eabi/4.9.3/../../../arm-none-eabi/lib/armv7e-m/libg_nano.a(lib_a-memchr.o)
 .debug_loc     0x00000000000046e4       0xde /usr/lib/gcc/arm-none-eabi/4.9.3/../../../arm-none-eabi/lib/armv7e-m/libg_nano.a(lib_a-memmove.o)
 .debug_loc     0x00000000000047c2      0x172 /usr/lib/gcc/arm-none-eabi/4.9.3/../../../arm-none-eabi/lib/armv7e-m/libg_nano.a(lib_a-nano-freer.o)
 .debug_loc     0x0000000000004934      0x304 /usr/lib/gcc/arm-none-eabi/4.9.3/../../../arm-none-eabi/lib/armv7e-m/libg_nano.a(lib_a-nano-mallocr.o)
 .debug_loc     0x0000000000004c38      0x11b /usr/lib/gcc/arm-none-eabi/4.9.3/../../../arm-none-eabi/lib/armv7e-m/libg_nano.a(lib_a-nano-reallocr.o)
 .debug_loc     0x0000000000004d53       0x4d /usr/lib/gcc/arm-none-eabi/4.9.3/../../../arm-none-eabi/lib/armv7e-m/libg_nano.a(lib_a-sbrkr.o)
 .debug_loc     0x0000000000004da0       0xb5 /usr/lib/gcc/arm-none-eabi/4.9.3/../../../arm-none-eabi/lib/armv7e-m/libg_nano.a(lib_a-nano-msizer.o)

.debug_macinfo
 *(.debug_macinfo)

.debug_weaknames
 *(.debug_weaknames)

.debug_funcnames
 *(.debug_funcnames)

.debug_typenames
 *(.debug_typenames)

.debug_varnames
 *(.debug_varnames)
OUTPUT(RuntimeChecker.elf elf32-littlearm)

.debug_ranges   0x0000000000000000      0x7f0
 .debug_ranges  0x0000000000000000       0xb0 ./system/src/stm32f4-hal/stm32f4xx_hal.o
 .debug_ranges  0x00000000000000b0       0xe8 ./system/src/stm32f4-hal/stm32f4xx_hal_cortex.o
 .debug_ranges  0x0000000000000198       0x48 ./system/src/stm32f4-hal/stm32f4xx_hal_gpio.o
 .debug_ranges  0x00000000000001e0       0x78 ./system/src/stm32f4-hal/stm32f4xx_hal_rcc.o
 .debug_ranges  0x0000000000000258       0x18 ./system/src/newlib/_exit.o
 .debug_ranges  0x0000000000000270       0x10 ./system/src/newlib/_sbrk.o
 .debug_ranges  0x0000000000000280       0x90 ./system/src/newlib/_startup.o
 .debug_ranges  0x0000000000000310       0x20 ./system/src/newlib/_syscalls.o
 .debug_ranges  0x0000000000000330       0x18 ./system/src/newlib/assert.o
 .debug_ranges  0x0000000000000348       0x28 ./system/src/diag/Trace.o
 .debug_ranges  0x0000000000000370       0x38 ./system/src/diag/trace_impl.o
 .debug_ranges  0x00000000000003a8       0x18 ./system/src/cortexm/_initialize_hardware.o
 .debug_ranges  0x00000000000003c0       0x80 ./system/src/cortexm/exception_handlers.o
 .debug_ranges  0x0000000000000440       0x18 ./system/src/cmsis/system_stm32f4xx.o
 .debug_ranges  0x0000000000000458       0x10 ./system/src/cmsis/vectors_stm32f407xx.o
 .debug_ranges  0x0000000000000468       0x38 ./src/BlinkLed.o
 .debug_ranges  0x00000000000004a0       0x18 ./src/Timer.o
 .debug_ranges  0x00000000000004b8       0x18 ./src/_initialize_hardware.o
 .debug_ranges  0x00000000000004d0       0x28 ./src/stm32f4xx_hal_msp.o
 .debug_ranges  0x00000000000004f8      0x160 /usr/lib/gcc/arm-none-eabi/4.9.3/armv7e-m/libgcc.a(unwind-arm.o)
 .debug_ranges  0x0000000000000658       0x10 /usr/lib/gcc/arm-none-eabi/4.9.3/../../../arm-none-eabi/lib/armv7e-m/libg_nano.a(lib_a-errno.o)
 .debug_ranges  0x0000000000000668       0x10 /usr/lib/gcc/arm-none-eabi/4.9.3/../../../arm-none-eabi/lib/armv7e-m/libg_nano.a(lib_a-memcpy.o)
 .debug_ranges  0x0000000000000678       0x10 /usr/lib/gcc/arm-none-eabi/4.9.3/../../../arm-none-eabi/lib/armv7e-m/libg_nano.a(lib_a-strlen.o)
 .debug_ranges  0x0000000000000688       0x18 /usr/lib/gcc/arm-none-eabi/4.9.3/../../../arm-none-eabi/lib/armv7e-m/libg_nano.a(lib_a-vsnprintf.o)
 .debug_ranges  0x00000000000006a0       0x50 /usr/lib/gcc/arm-none-eabi/4.9.3/../../../arm-none-eabi/lib/armv7e-m/libg_nano.a(lib_a-nano-svfprintf.o)
 .debug_ranges  0x00000000000006f0       0x60 /usr/lib/gcc/arm-none-eabi/4.9.3/../../../arm-none-eabi/lib/armv7e-m/libg_nano.a(lib_a-nano-vfprintf_i.o)
 .debug_ranges  0x0000000000000750       0x10 /usr/lib/gcc/arm-none-eabi/4.9.3/../../../arm-none-eabi/lib/armv7e-m/libg_nano.a(lib_a-memchr.o)
 .debug_ranges  0x0000000000000760       0x10 /usr/lib/gcc/arm-none-eabi/4.9.3/../../../arm-none-eabi/lib/armv7e-m/libg_nano.a(lib_a-memmove.o)
 .debug_ranges  0x0000000000000770       0x28 /usr/lib/gcc/arm-none-eabi/4.9.3/../../../arm-none-eabi/lib/armv7e-m/libg_nano.a(lib_a-nano-freer.o)
 .debug_ranges  0x0000000000000798       0x28 /usr/lib/gcc/arm-none-eabi/4.9.3/../../../arm-none-eabi/lib/armv7e-m/libg_nano.a(lib_a-nano-mallocr.o)
 .debug_ranges  0x00000000000007c0       0x10 /usr/lib/gcc/arm-none-eabi/4.9.3/../../../arm-none-eabi/lib/armv7e-m/libg_nano.a(lib_a-nano-reallocr.o)
 .debug_ranges  0x00000000000007d0       0x10 /usr/lib/gcc/arm-none-eabi/4.9.3/../../../arm-none-eabi/lib/armv7e-m/libg_nano.a(lib_a-sbrkr.o)
 .debug_ranges  0x00000000000007e0       0x10 /usr/lib/gcc/arm-none-eabi/4.9.3/../../../arm-none-eabi/lib/armv7e-m/libg_nano.a(lib_a-nano-msizer.o)

.debug_macro    0x0000000000000000    0x1d589
 .debug_macro   0x0000000000000000      0x54b ./system/src/stm32f4-hal/stm32f4xx_hal.o
 .debug_macro   0x000000000000054b      0x8c2 ./system/src/stm32f4-hal/stm32f4xx_hal.o
 .debug_macro   0x0000000000000e0d      0x289 ./system/src/stm32f4-hal/stm32f4xx_hal.o
 .debug_macro   0x0000000000001096       0x31 ./system/src/stm32f4-hal/stm32f4xx_hal.o
 .debug_macro   0x00000000000010c7       0x28 ./system/src/stm32f4-hal/stm32f4xx_hal.o
 .debug_macro   0x00000000000010ef      0x34e ./system/src/stm32f4-hal/stm32f4xx_hal.o
 .debug_macro   0x000000000000143d       0x35 ./system/src/stm32f4-hal/stm32f4xx_hal.o
 .debug_macro   0x0000000000001472       0x50 ./system/src/stm32f4-hal/stm32f4xx_hal.o
 .debug_macro   0x00000000000014c2      0xe66 ./system/src/stm32f4-hal/stm32f4xx_hal.o
 .debug_macro   0x0000000000002328     0x93f9 ./system/src/stm32f4-hal/stm32f4xx_hal.o
 .debug_macro   0x000000000000b721       0x43 ./system/src/stm32f4-hal/stm32f4xx_hal.o
 .debug_macro   0x000000000000b764     0x347f ./system/src/stm32f4-hal/stm32f4xx_hal.o
 .debug_macro   0x000000000000ebe3       0x22 ./system/src/stm32f4-hal/stm32f4xx_hal.o
 .debug_macro   0x000000000000ec05       0x52 ./system/src/stm32f4-hal/stm32f4xx_hal.o
 .debug_macro   0x000000000000ec57       0x8d ./system/src/stm32f4-hal/stm32f4xx_hal.o
 .debug_macro   0x000000000000ece4       0x35 ./system/src/stm32f4-hal/stm32f4xx_hal.o
 .debug_macro   0x000000000000ed19       0x9c ./system/src/stm32f4-hal/stm32f4xx_hal.o
 .debug_macro   0x000000000000edb5       0x16 ./system/src/stm32f4-hal/stm32f4xx_hal.o
 .debug_macro   0x000000000000edcb       0x57 ./system/src/stm32f4-hal/stm32f4xx_hal.o
 .debug_macro   0x000000000000ee22       0x97 ./system/src/stm32f4-hal/stm32f4xx_hal.o
 .debug_macro   0x000000000000eeb9      0x30d ./system/src/stm32f4-hal/stm32f4xx_hal.o
 .debug_macro   0x000000000000f1c6       0xfd ./system/src/stm32f4-hal/stm32f4xx_hal.o
 .debug_macro   0x000000000000f2c3       0x10 ./system/src/stm32f4-hal/stm32f4xx_hal.o
 .debug_macro   0x000000000000f2d3       0x58 ./system/src/stm32f4-hal/stm32f4xx_hal.o
 .debug_macro   0x000000000000f32b       0x1f ./system/src/stm32f4-hal/stm32f4xx_hal.o
 .debug_macro   0x000000000000f34a       0x43 ./system/src/stm32f4-hal/stm32f4xx_hal.o
 .debug_macro   0x000000000000f38d       0x20 ./system/src/stm32f4-hal/stm32f4xx_hal.o
 .debug_macro   0x000000000000f3ad      0x187 ./system/src/stm32f4-hal/stm32f4xx_hal.o
 .debug_macro   0x000000000000f534       0x10 ./system/src/stm32f4-hal/stm32f4xx_hal.o
 .debug_macro   0x000000000000f544       0x6a ./system/src/stm32f4-hal/stm32f4xx_hal.o
 .debug_macro   0x000000000000f5ae       0x1c ./system/src/stm32f4-hal/stm32f4xx_hal.o
 .debug_macro   0x000000000000f5ca       0x52 ./system/src/stm32f4-hal/stm32f4xx_hal.o
 .debug_macro   0x000000000000f61c       0x40 ./system/src/stm32f4-hal/stm32f4xx_hal.o
 .debug_macro   0x000000000000f65c       0x10 ./system/src/stm32f4-hal/stm32f4xx_hal.o
 .debug_macro   0x000000000000f66c       0x40 ./system/src/stm32f4-hal/stm32f4xx_hal.o
 .debug_macro   0x000000000000f6ac       0xd7 ./system/src/stm32f4-hal/stm32f4xx_hal.o
 .debug_macro   0x000000000000f783       0x16 ./system/src/stm32f4-hal/stm32f4xx_hal.o
 .debug_macro   0x000000000000f799      0x18b ./system/src/stm32f4-hal/stm32f4xx_hal.o
 .debug_macro   0x000000000000f924       0x57 ./system/src/stm32f4-hal/stm32f4xx_hal.o
 .debug_macro   0x000000000000f97b      0x964 ./system/src/stm32f4-hal/stm32f4xx_hal.o
 .debug_macro   0x00000000000102df      0x9e1 ./system/src/stm32f4-hal/stm32f4xx_hal.o
 .debug_macro   0x0000000000010cc0      0x11e ./system/src/stm32f4-hal/stm32f4xx_hal.o
 .debug_macro   0x0000000000010dde      0x13e ./system/src/stm32f4-hal/stm32f4xx_hal.o
 .debug_macro   0x0000000000010f1c       0x27 ./system/src/stm32f4-hal/stm32f4xx_hal.o
 .debug_macro   0x0000000000010f43      0x287 ./system/src/stm32f4-hal/stm32f4xx_hal.o
 .debug_macro   0x00000000000111ca       0x5f ./system/src/stm32f4-hal/stm32f4xx_hal.o
 .debug_macro   0x0000000000011229      0x23a ./system/src/stm32f4-hal/stm32f4xx_hal.o
 .debug_macro   0x0000000000011463      0x391 ./system/src/stm32f4-hal/stm32f4xx_hal.o
 .debug_macro   0x00000000000117f4      0x16f ./system/src/stm32f4-hal/stm32f4xx_hal.o
 .debug_macro   0x0000000000011963       0xf9 ./system/src/stm32f4-hal/stm32f4xx_hal.o
 .debug_macro   0x0000000000011a5c      0x36e ./system/src/stm32f4-hal/stm32f4xx_hal.o
 .debug_macro   0x0000000000011dca       0x23 ./system/src/stm32f4-hal/stm32f4xx_hal.o
 .debug_macro   0x0000000000011ded       0xe6 ./system/src/stm32f4-hal/stm32f4xx_hal.o
 .debug_macro   0x0000000000011ed3       0xa1 ./system/src/stm32f4-hal/stm32f4xx_hal.o
 .debug_macro   0x0000000000011f74       0x3c ./system/src/stm32f4-hal/stm32f4xx_hal.o
 .debug_macro   0x0000000000011fb0       0x1f ./system/src/stm32f4-hal/stm32f4xx_hal.o
 .debug_macro   0x0000000000011fcf      0x1cd ./system/src/stm32f4-hal/stm32f4xx_hal.o
 .debug_macro   0x000000000001219c      0xcd6 ./system/src/stm32f4-hal/stm32f4xx_hal.o
 .debug_macro   0x0000000000012e72      0x13a ./system/src/stm32f4-hal/stm32f4xx_hal.o
 .debug_macro   0x0000000000012fac      0x21e ./system/src/stm32f4-hal/stm32f4xx_hal.o
 .debug_macro   0x00000000000131ca       0x2e ./system/src/stm32f4-hal/stm32f4xx_hal.o
 .debug_macro   0x00000000000131f8      0x543 ./system/src/stm32f4-hal/stm32f4xx_hal.o
 .debug_macro   0x000000000001373b       0x88 ./system/src/stm32f4-hal/stm32f4xx_hal.o
 .debug_macro   0x00000000000137c3       0xd5 ./system/src/stm32f4-hal/stm32f4xx_hal.o
 .debug_macro   0x0000000000013898      0x183 ./system/src/stm32f4-hal/stm32f4xx_hal.o
 .debug_macro   0x0000000000013a1b      0x1a7 ./system/src/stm32f4-hal/stm32f4xx_hal.o
 .debug_macro   0x0000000000013bc2       0xa5 ./system/src/stm32f4-hal/stm32f4xx_hal.o
 .debug_macro   0x0000000000013c67      0x18b ./system/src/stm32f4-hal/stm32f4xx_hal.o
 .debug_macro   0x0000000000013df2       0x24 ./system/src/stm32f4-hal/stm32f4xx_hal.o
 .debug_macro   0x0000000000013e16       0x35 ./system/src/stm32f4-hal/stm32f4xx_hal.o
 .debug_macro   0x0000000000013e4b       0x79 ./system/src/stm32f4-hal/stm32f4xx_hal.o
 .debug_macro   0x0000000000013ec4      0x11e ./system/src/stm32f4-hal/stm32f4xx_hal.o
 .debug_macro   0x0000000000013fe2       0x7f ./system/src/stm32f4-hal/stm32f4xx_hal.o
 .debug_macro   0x0000000000014061       0x89 ./system/src/stm32f4-hal/stm32f4xx_hal.o
 .debug_macro   0x00000000000140ea       0x7e ./system/src/stm32f4-hal/stm32f4xx_hal.o
 .debug_macro   0x0000000000014168      0x31a ./system/src/stm32f4-hal/stm32f4xx_hal.o
 .debug_macro   0x0000000000014482      0x409 ./system/src/stm32f4-hal/stm32f4xx_hal.o
 .debug_macro   0x000000000001488b       0xe4 ./system/src/stm32f4-hal/stm32f4xx_hal.o
 .debug_macro   0x000000000001496f      0x48d ./system/src/stm32f4-hal/stm32f4xx_hal.o
 .debug_macro   0x0000000000014dfc      0x22b ./system/src/stm32f4-hal/stm32f4xx_hal.o
 .debug_macro   0x0000000000015027      0x202 ./system/src/stm32f4-hal/stm32f4xx_hal.o
 .debug_macro   0x0000000000015229      0x6d9 ./system/src/stm32f4-hal/stm32f4xx_hal.o
 .debug_macro   0x0000000000015902       0x5b ./system/src/stm32f4-hal/stm32f4xx_hal.o
 .debug_macro   0x000000000001595d      0x14d ./system/src/stm32f4-hal/stm32f4xx_hal.o
 .debug_macro   0x0000000000015aaa      0x287 ./system/src/stm32f4-hal/stm32f4xx_hal.o
 .debug_macro   0x0000000000015d31      0x225 ./system/src/stm32f4-hal/stm32f4xx_hal.o
 .debug_macro   0x0000000000015f56      0x1b5 ./system/src/stm32f4-hal/stm32f4xx_hal.o
 .debug_macro   0x000000000001610b      0x2db ./system/src/stm32f4-hal/stm32f4xx_hal.o
 .debug_macro   0x00000000000163e6       0x89 ./system/src/stm32f4-hal/stm32f4xx_hal.o
 .debug_macro   0x000000000001646f      0x1df ./system/src/stm32f4-hal/stm32f4xx_hal.o
 .debug_macro   0x000000000001664e      0x115 ./system/src/stm32f4-hal/stm32f4xx_hal.o
 .debug_macro   0x0000000000016763       0x6e ./system/src/stm32f4-hal/stm32f4xx_hal.o
 .debug_macro   0x00000000000167d1      0x125 ./system/src/stm32f4-hal/stm32f4xx_hal.o
 .debug_macro   0x00000000000168f6      0x4fd ./system/src/stm32f4-hal/stm32f4xx_hal_cortex.o
 .debug_macro   0x0000000000016df3      0x535 ./system/src/stm32f4-hal/stm32f4xx_hal_gpio.o
 .debug_macro   0x0000000000017328      0x527 ./system/src/stm32f4-hal/stm32f4xx_hal_rcc.o
 .debug_macro   0x000000000001784f      0x1a7 ./system/src/newlib/_exit.o
 .debug_macro   0x00000000000179f6      0x10e ./system/src/newlib/_exit.o
 .debug_macro   0x0000000000017b04       0x8d ./system/src/newlib/_exit.o
 .debug_macro   0x0000000000017b91       0x16 ./system/src/newlib/_exit.o
 .debug_macro   0x0000000000017ba7       0x29 ./system/src/newlib/_exit.o
 .debug_macro   0x0000000000017bd0       0x35 ./system/src/newlib/_exit.o
 .debug_macro   0x0000000000017c05      0x51a ./system/src/newlib/_exit.o
 .debug_macro   0x000000000001811f      0x15c ./system/src/newlib/_sbrk.o
 .debug_macro   0x000000000001827b      0x174 ./system/src/newlib/_sbrk.o
 .debug_macro   0x00000000000183ef       0x10 ./system/src/newlib/_sbrk.o
 .debug_macro   0x00000000000183ff      0x23b ./system/src/newlib/_sbrk.o
 .debug_macro   0x000000000001863a      0x166 ./system/src/newlib/_startup.o
 .debug_macro   0x00000000000187a0      0x8c8 ./system/src/newlib/_startup.o
 .debug_macro   0x0000000000019068      0x20a ./system/src/newlib/_syscalls.o
 .debug_macro   0x0000000000019272       0x1c ./system/src/newlib/_syscalls.o
 .debug_macro   0x000000000001928e       0x10 ./system/src/newlib/_syscalls.o
 .debug_macro   0x000000000001929e       0x10 ./system/src/newlib/_syscalls.o
 .debug_macro   0x00000000000192ae       0x10 ./system/src/newlib/_syscalls.o
 .debug_macro   0x00000000000192be       0x35 ./system/src/newlib/_syscalls.o
 .debug_macro   0x00000000000192f3      0x122 ./system/src/newlib/_syscalls.o
 .debug_macro   0x0000000000019415       0x88 ./system/src/newlib/_syscalls.o
 .debug_macro   0x000000000001949d       0x2b ./system/src/newlib/_syscalls.o
 .debug_macro   0x00000000000194c8      0x118 ./system/src/newlib/_syscalls.o
 .debug_macro   0x00000000000195e0      0x159 ./system/src/newlib/_syscalls.o
 .debug_macro   0x0000000000019739       0x16 ./system/src/newlib/_syscalls.o
 .debug_macro   0x000000000001974f      0x1c3 ./system/src/newlib/assert.o
 .debug_macro   0x0000000000019912       0x1c ./system/src/newlib/assert.o
 .debug_macro   0x000000000001992e      0x1e4 ./system/src/diag/Trace.o
 .debug_macro   0x0000000000019b12       0x4c ./system/src/diag/Trace.o
 .debug_macro   0x0000000000019b5e       0x16 ./system/src/diag/Trace.o
 .debug_macro   0x0000000000019b74      0x543 ./system/src/diag/trace_impl.o
 .debug_macro   0x000000000001a0b7       0x22 ./system/src/diag/trace_impl.o
 .debug_macro   0x000000000001a0d9      0x507 ./system/src/cortexm/_initialize_hardware.o
 .debug_macro   0x000000000001a5e0      0x566 ./system/src/cortexm/exception_handlers.o
 .debug_macro   0x000000000001ab46       0x3b ./system/src/cortexm/exception_handlers.o
 .debug_macro   0x000000000001ab81      0x503 ./system/src/cmsis/system_stm32f4xx.o
 .debug_macro   0x000000000001b084       0x34 ./system/src/cmsis/vectors_stm32f407xx.o
 .debug_macro   0x000000000001b0b8      0x4c0 ./src/BlinkLed.o
 .debug_macro   0x000000000001b578      0xe66 ./src/BlinkLed.o
 .debug_macro   0x000000000001c3de       0x97 ./src/BlinkLed.o
 .debug_macro   0x000000000001c475      0x104 ./src/BlinkLed.o
 .debug_macro   0x000000000001c579      0x145 ./src/BlinkLed.o
 .debug_macro   0x000000000001c6be      0x4c1 ./src/Timer.o
 .debug_macro   0x000000000001cb7f       0x10 ./src/Timer.o
 .debug_macro   0x000000000001cb8f      0x4fd ./src/_initialize_hardware.o
 .debug_macro   0x000000000001d08c      0x4fd ./src/stm32f4xx_hal_msp.o
